 Warning: "settings.ini" was found neither in current folder nor in the path defined by "Multiwfnpath" environment variable. Now using default settings instead
 
 Multiwfn -- A Multifunctional Wavefunction Analyzer
 Version 3.8(dev), update date: 2024-Oct-6
 Developer: Tian Lu (Beijing Kein Research Center for Natural Sciences)
 Multiwfn official website: http://sobereva.com/multiwfn
 Multiwfn English forum: http://sobereva.com/wfnbbs
 Multiwfn Chinese forum: http://bbs.keinsci.com/wfn
 Both following papers ***MUST BE CITED IN MAIN TEXT*** if Multiwfn is used:
          Tian Lu, Feiwu Chen, J. Comput. Chem., 33, 580-592 (2012)
          Tian Lu, J. Chem. Phys., 161, 082503 (2024)
 See "How to cite Multiwfn.pdf" in Multiwfn binary package for more information

 ( Number of parallel threads:   4  Current date: 2024-12-12  Time: 12:46:10 )
 
 Please wait...
 Note: Found $MOSPIN field, orbital spin types are directly loaded rather than automatically determined
 
 Total energy:       0.000000000000 Hartree,   Virial ratio:  2.00000000
 Total/Alpha/Beta electrons:     66.0000     33.0000     33.0000
 Net charge:     0.00000    Expected multiplicity:    1
 The number of orbitals:    33,  Atoms:     21,  GTFs:    309
 This is a restricted closed-shell single-determinant wavefunction
 Title line of this file:  Generated by Multiwfn

 Loaded /home/santiagovargas/dev/qtaim_generator/tests/test_files/multiwfn/999/input.wfn successfully!
 
 Formula: H12 C9      Total atoms:      21
 Molecule weight:       120.19191 Da
 Point group: C1 
 
 "q": Exit program gracefully          "r": Load a new file
                    ************ Main function menu ************
 0 Show molecular structure and view orbitals
 1 Output all properties at a point       2 Topology analysis
 3 Output and plot specific property in a line
 4 Output and plot specific property in a plane
 5 Output and plot specific property within a spatial region (calc. grid data)
 6 Check & modify wavefunction
 7 Population analysis and calculation of atomic charges
 8 Orbital composition analysis           9 Bond order analysis
 10 Plot total DOS, PDOS, OPDOS, local DOS, COHP and photoelectron spectrum
 11 Plot IR/Raman/UV-Vis/ECD/VCD/ROA/NMR spectrum
 12 Quantitative analysis of molecular surface
 13 Process grid data (No grid data is presented currently)
 14 Adaptive natural density partitioning (AdNDP) analysis
 15 Fuzzy atomic space analysis
 16 Charge decomposition analysis (CDA) and plot orbital interaction diagram
 17 Basin analysis                       18 Electron excitation analysis
 19 Orbital localization analysis        20 Visual study of weak interaction
 21 Energy decomposition analysis        22 Conceptual DFT (CDFT) analysis
 23 ETS-NOCV analysis                    24 (Hyper)polarizability analysis
 25 Electron delocalization and aromaticity analyses
 26 Structure and geometry related analyses
 100 Other functions (Part 1)            200 Other functions (Part 2)
 300 Other functions (Part 3)
 There is a nice reference comprehensively introducing atomic charges:
 Tian Lu, Qinxue Chen, Partial Charges, In Exploring Chemical Concepts Through T
 heory and Computation. WILEY-VCH GmbH: Weinheim (2024); pp. 161-187. DOI: 10.10
 02/9783527843435.ch6
 
      ============== Population analysis and atomic charges ==============
 -2 Calculate interaction energy between fragments based on atomic charges
 -1 Define fragment
 0 Return
 1 Hirshfeld atomic charge
 2 Voronoi deformation density (VDD) atom population
 10 Becke atomic charge with atomic dipole moment correction
 11 Atomic dipole corrected Hirshfeld atomic charge (ADCH) (recommended)
 12 CHELPG ESP fitting atomic charge
 13 Merz-Kollmann (MK) ESP fitting atomic charge
 14 AIM atomic charge
 15 Hirshfeld-I atomic charge
 16 CM5 atomic charge    -16 Generate 1.2*CM5 atomic charge
 17 Electronegativity Equalization Method (EEM) atomic charge
 18 Restrained ElectroStatic Potential (RESP) atomic charge
 19 Gasteiger (PEOE) charge
 20 Minimal Basis Iterative Stockholder (MBIS) charge
 Citation of ADCH: Tian Lu, Feiwu Chen, Atomic dipole moment corrected Hirshfeld population method, J. Theor. Comput. Chem., 11, 163 (2012)
 
 This task requests atomic densities, please select how to obtain them
 1 Use build-in sphericalized atomic densities in free-states (more convenient)
 2 Provide wavefunction file of involved elements by yourself or invoke Gaussian to automatically calculate them
 Radial grids:   75    Angular grids:  434   Total:     32550
 Calculating, please wait...
 
 Hirshfeld charge of atom     1(C ) is -0.07641556
 Hirshfeld charge of atom     2(C ) is  0.02473821
 Hirshfeld charge of atom     3(C ) is -0.05784665
 Hirshfeld charge of atom     4(C ) is -0.01767063
 Hirshfeld charge of atom     5(C ) is -0.01596783
 Hirshfeld charge of atom     6(C ) is -0.04311180
 Hirshfeld charge of atom     7(C ) is -0.06450066
 Hirshfeld charge of atom     8(C ) is -0.04311047
 Hirshfeld charge of atom     9(C ) is -0.01592425
 Hirshfeld charge of atom    10(H ) is  0.02875850
 Hirshfeld charge of atom    11(H ) is  0.02876621
 Hirshfeld charge of atom    12(H ) is  0.02730308
 Hirshfeld charge of atom    13(H ) is  0.01779820
 Hirshfeld charge of atom    14(H ) is  0.01779294
 Hirshfeld charge of atom    15(H ) is  0.02299225
 Hirshfeld charge of atom    16(H ) is  0.02247680
 Hirshfeld charge of atom    17(H ) is  0.03034729
 Hirshfeld charge of atom    18(H ) is  0.03351333
 Hirshfeld charge of atom    19(H ) is  0.02719743
 Hirshfeld charge of atom    20(H ) is  0.03036239
 Hirshfeld charge of atom    21(H ) is  0.02247004
 Summing up all charges:    -0.00003119
 
 Total dipole moment from atomic charges:    0.064279 a.u.
 X/Y/Z of dipole moment vector:    0.010856    0.057817   -0.025904 a.u.
 
 Atomic dipole moments (a.u.):
 Atom     1(C ) in X/Y/Z:  -0.001823  -0.013314   0.004560 Norm:   0.014191
 Atom     2(C ) in X/Y/Z:  -0.000502   0.088632  -0.002572 Norm:   0.088671
 Atom     3(C ) in X/Y/Z:   0.017811   0.000802  -0.038022 Norm:   0.041995
 Atom     4(C ) in X/Y/Z:   0.006823  -0.079700  -0.011115 Norm:   0.080760
 Atom     5(C ) in X/Y/Z:   0.036937   0.001927   0.047637 Norm:   0.060310
 Atom     6(C ) in X/Y/Z:   0.042577  -0.013506   0.020587 Norm:   0.049183
 Atom     7(C ) in X/Y/Z:  -0.011696   0.023439   0.023897 Norm:   0.035458
 Atom     8(C ) in X/Y/Z:  -0.042548  -0.015202  -0.019391 Norm:   0.049167
 Atom     9(C ) in X/Y/Z:  -0.060409   0.000019   0.001915 Norm:   0.060439
 Atom    10(H ) in X/Y/Z:   0.129159   0.043669  -0.017535 Norm:   0.137464
 Atom    11(H ) in X/Y/Z:  -0.069676   0.039542  -0.111689 Norm:   0.137451
 Atom    12(H ) in X/Y/Z:  -0.047288   0.079529   0.096176 Norm:   0.133457
 Atom    13(H ) in X/Y/Z:  -0.061859  -0.002412  -0.116028 Norm:   0.131510
 Atom    14(H ) in X/Y/Z:   0.128816   0.001368  -0.026489 Norm:   0.131519
 Atom    15(H ) in X/Y/Z:  -0.000061  -0.133155   0.005713 Norm:   0.133277
 Atom    16(H ) in X/Y/Z:   0.133638   0.001278   0.019536 Norm:   0.135064
 Atom    17(H ) in X/Y/Z:   0.036610  -0.091329   0.109876 Norm:   0.147493
 Atom    18(H ) in X/Y/Z:  -0.063027  -0.001136   0.134229 Norm:   0.148294
 Atom    19(H ) in X/Y/Z:   0.013238   0.129155  -0.033397 Norm:   0.134058
 Atom    20(H ) in X/Y/Z:  -0.104964  -0.094077   0.043446 Norm:   0.147498
 Atom    21(H ) in X/Y/Z:  -0.100333  -0.003363  -0.090341 Norm:   0.135054
 Total atomic dipole moment:    0.058798 a.u.
 X/Y/Z of total atomic dipole:   -0.018579   -0.037835    0.040994 a.u.
 
 Calculating atomic dipole moment corrected charge...
 
       ---------- Atomic dipole moment corrected (ADC) charges ----------
 Atom:    1C   Corrected charge:   -0.237112  Before:   -0.076416
 Atom:    2C   Corrected charge:   -0.003415  Before:    0.024738
 Atom:    3C   Corrected charge:   -0.184870  Before:   -0.057847
 Atom:    4C   Corrected charge:   -0.103929  Before:   -0.017671
 Atom:    5C   Corrected charge:   -0.088437  Before:   -0.015968
 Atom:    6C   Corrected charge:   -0.123022  Before:   -0.043112
 Atom:    7C   Corrected charge:   -0.196594  Before:   -0.064501
 Atom:    8C   Corrected charge:   -0.123073  Before:   -0.043110
 Atom:    9C   Corrected charge:   -0.088409  Before:   -0.015924
 Atom:   10H   Corrected charge:    0.089846  Before:    0.028759
 Atom:   11H   Corrected charge:    0.089853  Before:    0.028766
 Atom:   12H   Corrected charge:    0.086389  Before:    0.027303
 Atom:   13H   Corrected charge:    0.084336  Before:    0.017798
 Atom:   14H   Corrected charge:    0.084316  Before:    0.017793
 Atom:   15H   Corrected charge:    0.102652  Before:    0.022992
 Atom:   16H   Corrected charge:    0.095818  Before:    0.022477
 Atom:   17H   Corrected charge:    0.108323  Before:    0.030347
 Atom:   18H   Corrected charge:    0.114259  Before:    0.033513
 Atom:   19H   Corrected charge:    0.088858  Before:    0.027197
 Atom:   20H   Corrected charge:    0.108346  Before:    0.030362
 Atom:   21H   Corrected charge:    0.095832  Before:    0.022470
 Summing up all corrected charges:  -0.0000312
 Note: The values shown after "Corrected charge" are ADCH charges, the ones after "Before" are Hirshfeld charges
 
 Total dipole from ADC charges (a.u.)   0.0262041  Error:   0.0000000
 X/Y/Z of dipole moment from the charge (a.u.)   -0.007722    0.019983    0.015090
 
 Normalize sum of atomic populations to actual number of electrons...
 
 Final atomic charges:
 Atom    1(C ):    -0.23710885
 Atom    2(C ):    -0.00341174
 Atom    3(C ):    -0.18486685
 Atom    4(C ):    -0.10392582
 Atom    5(C ):    -0.08843371
 Atom    6(C ):    -0.12301960
 Atom    7(C ):    -0.19659072
 Atom    8(C ):    -0.12307054
 Atom    9(C ):    -0.08840594
 Atom   10(H ):     0.08984692
 Atom   11(H ):     0.08985388
 Atom   12(H ):     0.08638987
 Atom   13(H ):     0.08433655
 Atom   14(H ):     0.08431627
 Atom   15(H ):     0.10265221
 Atom   16(H ):     0.09581809
 Atom   17(H ):     0.10832327
 Atom   18(H ):     0.11425952
 Atom   19(H ):     0.08885812
 Atom   20(H ):     0.10834691
 Atom   21(H ):     0.09583217

 Calculation took up       1 seconds wall clock time

 If outputting atom coordinates with charges to input.chg in current folder? (y/n)
 
      ============== Population analysis and atomic charges ==============
 -2 Calculate interaction energy between fragments based on atomic charges
 -1 Define fragment
 0 Return
 1 Hirshfeld atomic charge
 2 Voronoi deformation density (VDD) atom population
 10 Becke atomic charge with atomic dipole moment correction
 11 Atomic dipole corrected Hirshfeld atomic charge (ADCH) (recommended)
 12 CHELPG ESP fitting atomic charge
 13 Merz-Kollmann (MK) ESP fitting atomic charge
 14 AIM atomic charge
 15 Hirshfeld-I atomic charge
 16 CM5 atomic charge    -16 Generate 1.2*CM5 atomic charge
 17 Electronegativity Equalization Method (EEM) atomic charge
 18 Restrained ElectroStatic Potential (RESP) atomic charge
 19 Gasteiger (PEOE) charge
 20 Minimal Basis Iterative Stockholder (MBIS) charge
 
 "q": Exit program gracefully          "r": Load a new file
                    ************ Main function menu ************
 0 Show molecular structure and view orbitals
 1 Output all properties at a point       2 Topology analysis
 3 Output and plot specific property in a line
 4 Output and plot specific property in a plane
 5 Output and plot specific property within a spatial region (calc. grid data)
 6 Check & modify wavefunction
 7 Population analysis and calculation of atomic charges
 8 Orbital composition analysis           9 Bond order analysis
 10 Plot total DOS, PDOS, OPDOS, local DOS, COHP and photoelectron spectrum
 11 Plot IR/Raman/UV-Vis/ECD/VCD/ROA/NMR spectrum
 12 Quantitative analysis of molecular surface
 13 Process grid data (No grid data is presented currently)
 14 Adaptive natural density partitioning (AdNDP) analysis
 15 Fuzzy atomic space analysis
 16 Charge decomposition analysis (CDA) and plot orbital interaction diagram
 17 Basin analysis                       18 Electron excitation analysis
 19 Orbital localization analysis        20 Visual study of weak interaction
 21 Energy decomposition analysis        22 Conceptual DFT (CDFT) analysis
 23 ETS-NOCV analysis                    24 (Hyper)polarizability analysis
 25 Electron delocalization and aromaticity analyses
 26 Structure and geometry related analyses
 100 Other functions (Part 1)            200 Other functions (Part 2)
 300 Other functions (Part 3)
