 Multiwfn -- A Multifunctional Wavefunction Analyzer
 Version 3.8(dev), update date: 2024-Oct-6
 Developer: Tian Lu (Beijing Kein Research Center for Natural Sciences)
 Multiwfn official website: http://sobereva.com/multiwfn
 Multiwfn English forum: http://sobereva.com/wfnbbs
 Multiwfn Chinese forum: http://bbs.keinsci.com/wfn
 Both following papers ***MUST BE CITED IN MAIN TEXT*** if Multiwfn is used:
          Tian Lu, Feiwu Chen, J. Comput. Chem., 33, 580-592 (2012)
          Tian Lu, J. Chem. Phys., 161, 082503 (2024)
 See "How to cite Multiwfn.pdf" in Multiwfn binary package for more information

 ( Number of parallel threads:   4  Current date: 2025-06-10  Time: 13:21:50 )
 
 Please wait...
 Note: Found $MOSPIN field, orbital spin types are directly loaded rather than automatically determined
 Loading electron density functions (EDF) information from built-in EDF library
 (The library is available at https://github.com/zorkzou/Molden2AIM)
 Tl(    1)      Core electrons: 60     EDF primitive GTFs: 37
 The number of total inner-core electrons:    60
 The number of total EDF primitive GTFs:    37
 Loading EDF library finished!
 
 Total energy:       0.000000000000 Hartree,   Virial ratio:  2.00000000
 Total/Alpha/Beta electrons:    364.0000    182.0000    182.0000
 Net charge:    -2.00000    Expected multiplicity:    1
 The number of orbitals:   182,  Atoms:     58,  GTFs:   2848
 This is a restricted closed-shell single-determinant wavefunction
 Title line of this file:  Generated by Multiwfn

 Loaded /home/santiagovargas/dev/qtaim_generator/data/omol_tests/orca5_uks/orca5_uks.wfn successfully!
 
 Formula: H15 C29 N4 O3 S2 Cl4 Tl1      Total atoms:      58
 Molecule weight:       877.78022 Da
 Point group: C1 
 
 "q": Exit program gracefully          "r": Load a new file
                    ************ Main function menu ************
 0 Show molecular structure and view orbitals
 1 Output all properties at a point       2 Topology analysis
 3 Output and plot specific property in a line
 4 Output and plot specific property in a plane
 5 Output and plot specific property within a spatial region (calc. grid data)
 6 Check & modify wavefunction
 7 Population analysis and calculation of atomic charges
 8 Orbital composition analysis           9 Bond order analysis
 10 Plot total DOS, PDOS, OPDOS, local DOS, COHP and photoelectron spectrum
 11 Plot IR/Raman/UV-Vis/ECD/VCD/ROA/NMR spectrum
 12 Quantitative analysis of molecular surface
 13 Process grid data (No grid data is presented currently)
 14 Adaptive natural density partitioning (AdNDP) analysis
 15 Fuzzy atomic space analysis
 16 Charge decomposition analysis (CDA) and plot orbital interaction diagram
 17 Basin analysis                       18 Electron excitation analysis
 19 Orbital localization analysis        20 Visual study of weak interaction
 21 Energy decomposition analysis        22 Conceptual DFT (CDFT) analysis
 23 ETS-NOCV analysis                    24 (Hyper)polarizability analysis
 25 Electron delocalization and aromaticity analyses
 26 Structure and geometry related analyses
 100 Other functions (Part 1)            200 Other functions (Part 2)
 300 Other functions (Part 3)
 
                 ======== Fuzzy atomic space analysis ========
 -10 Set X,Y,Z of reference point, current:    0.00000   0.00000   0.00000 Bohr
 -6 Choose type of integration grid for AOM, current: Atomic grid
 -5 Define the atoms to be considered in options 1, 2, 13, current: all atoms
 -4 Adjust reference parameter for FLU
 -3 Set the number of iterations for Becke partition, current:  3
 -2 Select radius definition for Becke partition, current: Modified CSD
 -1 Select method for partitioning atomic spaces, current: Becke
 0 Return
 1 Perform integration in fuzzy atomic spaces for a real space function
 2 Calculate atomic and molecular multipole moments and <r^2>
 3 Calculate and output atomic overlap matrix (AOM) in current folder
 33 Calculate and output fragment overlap matrix (FOM) in current folder
 4 Calculate localization (LI) and delocalization index (DI)
 44 Calculate fragment LI (FLI) and interfragment DI (IFDI)
 5 Calculate PDI (Para-delocalization index)
 6 Calculate FLU (Aromatic fluctuation index)
 7 Calculate FLU-pi
 8 Perform integration in fuzzy overlap region for a real space functions
 11 Calculate multi-center delocalization index
 12 Calculate information-theoretic aromaticity index (ACS Omega, 3, 18370)
 13 Calculate atomic effective volume, free volume, polarizability and C6 coefficient
 -2 Deformation density
             ----------- Available real space functions -----------
 1 Electron density (rho)     2 Gradient norm of rho     3 Laplacian of rho
 4 Value of orbital wavefunction         44 Orbital probability density
 5 Electron spin density
 6 Hamiltonian kinetic energy density K(r)
 7 Lagrangian kinetic energy density G(r)
 8 Electrostatic potential from nuclear charges
 9 Electron Localization Function (ELF)
 10 Localized orbital locator (LOL)
 11 Local information entropy
 12 Total electrostatic potential (ESP)
 13 Reduced density gradient (RDG)       14 RDG with promolecular approximation
 15 Sign(lambda2)*rho      16 Sign(lambda2)*rho with promolecular approximation
 17 Correlation hole for alpha, ref. point:   0.00000   0.00000   0.00000
 18 Average local ionization energy (ALIE)
 19 Source function, mode: 1, ref. point:   0.00000   0.00000   0.00000
 20 Electron delocal. range func. EDR(r;d)  21 Orbital overlap dist. func. D(r)
 22 Delta-g (promolecular approximation)    23 Delta-g (Hirshfeld partition)
 24 Interaction region indicator (IRI)    25 van der Waals potential (probe=C )
 100 User-defined function (iuserfunc=    0), see Section 2.7 of manual
 Radial points:   75    Angular points:  434   Total:     32550 per center
 Please wait...
 
 Progress: [--------------------------------------------------]     0.0 %     -
 Progress: [--------------------------------------------------]     1.7 %     \
 Progress: [#-------------------------------------------------]     3.4 %     |
 Progress: [##------------------------------------------------]     5.2 %     /
 Progress: [###-----------------------------------------------]     6.9 %     -
 Progress: [####----------------------------------------------]     8.6 %     \
 Progress: [#####---------------------------------------------]    10.3 %     |
 Progress: [######--------------------------------------------]    12.1 %     /
 Progress: [######--------------------------------------------]    13.8 %     -
 Progress: [#######-------------------------------------------]    15.5 %     \
 Progress: [########------------------------------------------]    17.2 %     |
 Progress: [#########-----------------------------------------]    19.0 %     /
 Progress: [##########----------------------------------------]    20.7 %     -
 Progress: [###########---------------------------------------]    22.4 %     \
 Progress: [############--------------------------------------]    24.1 %     |
 Progress: [############--------------------------------------]    25.9 %     /
 Progress: [#############-------------------------------------]    27.6 %     -
 Progress: [##############------------------------------------]    29.3 %     \
 Progress: [###############-----------------------------------]    31.0 %     |
 Progress: [################----------------------------------]    32.8 %     /
 Progress: [#################---------------------------------]    34.5 %     -
 Progress: [##################--------------------------------]    36.2 %     \
 Progress: [##################--------------------------------]    37.9 %     |
 Progress: [###################-------------------------------]    39.7 %     /
 Progress: [####################------------------------------]    41.4 %     -
 Progress: [#####################-----------------------------]    43.1 %     \
 Progress: [######################----------------------------]    44.8 %     |
 Progress: [#######################---------------------------]    46.6 %     /
 Progress: [########################--------------------------]    48.3 %     -
 Progress: [#########################-------------------------]    50.0 %     \
 Progress: [#########################-------------------------]    51.7 %     |
 Progress: [##########################------------------------]    53.4 %     /
 Progress: [###########################-----------------------]    55.2 %     -
 Progress: [############################----------------------]    56.9 %     \
 Progress: [#############################---------------------]    58.6 %     |
 Progress: [##############################--------------------]    60.3 %     /
 Progress: [###############################-------------------]    62.1 %     -
 Progress: [###############################-------------------]    63.8 %     \
 Progress: [################################------------------]    65.5 %     |
 Progress: [#################################-----------------]    67.2 %     /
 Progress: [##################################----------------]    69.0 %     -
 Progress: [###################################---------------]    70.7 %     \
 Progress: [####################################--------------]    72.4 %     |
 Progress: [#####################################-------------]    74.1 %     /
 Progress: [#####################################-------------]    75.9 %     -
 Progress: [######################################------------]    77.6 %     \
 Progress: [#######################################-----------]    79.3 %     |
 Progress: [########################################----------]    81.0 %     /
 Progress: [#########################################---------]    82.8 %     -
 Progress: [##########################################--------]    84.5 %     \
 Progress: [###########################################-------]    86.2 %     |
 Progress: [###########################################-------]    87.9 %     /
 Progress: [############################################------]    89.7 %     -
 Progress: [#############################################-----]    91.4 %     \
 Progress: [##############################################----]    93.1 %     |
 Progress: [###############################################---]    94.8 %     /
 Progress: [################################################--]    96.6 %     -
 Progress: [#################################################-]    98.3 %     \
 Progress: [##################################################]   100.0 %     |
 
 Calculation took up      27 seconds wall clock time
 
   Atomic space        Value                % of sum            % of sum abs
     1(Tl)      0.0000000000E+00                  NaN                  NaN
     2(Cl)      0.0000000000E+00                  NaN                  NaN
     3(C )      0.0000000000E+00                  NaN                  NaN
     4(C )      0.0000000000E+00                  NaN                  NaN
     5(C )      0.0000000000E+00                  NaN                  NaN
     6(Cl)      0.0000000000E+00                  NaN                  NaN
     7(C )      0.0000000000E+00                  NaN                  NaN
     8(O )      0.0000000000E+00                  NaN                  NaN
     9(C )      0.0000000000E+00                  NaN                  NaN
    10(Cl)      0.0000000000E+00                  NaN                  NaN
    11(C )      0.0000000000E+00                  NaN                  NaN
    12(H )      0.0000000000E+00                  NaN                  NaN
    13(H )      0.0000000000E+00                  NaN                  NaN
    14(C )      0.0000000000E+00                  NaN                  NaN
    15(C )      0.0000000000E+00                  NaN                  NaN
    16(C )      0.0000000000E+00                  NaN                  NaN
    17(C )      0.0000000000E+00                  NaN                  NaN
    18(C )      0.0000000000E+00                  NaN                  NaN
    19(C )      0.0000000000E+00                  NaN                  NaN
    20(N )      0.0000000000E+00                  NaN                  NaN
    21(N )      0.0000000000E+00                  NaN                  NaN
    22(C )      0.0000000000E+00                  NaN                  NaN
    23(C )      0.0000000000E+00                  NaN                  NaN
    24(C )      0.0000000000E+00                  NaN                  NaN
    25(C )      0.0000000000E+00                  NaN                  NaN
    26(C )      0.0000000000E+00                  NaN                  NaN
    27(C )      0.0000000000E+00                  NaN                  NaN
    28(H )      0.0000000000E+00                  NaN                  NaN
    29(H )      0.0000000000E+00                  NaN                  NaN
    30(H )      0.0000000000E+00                  NaN                  NaN
    31(H )      0.0000000000E+00                  NaN                  NaN
    32(H )      0.0000000000E+00                  NaN                  NaN
    33(H )      0.0000000000E+00                  NaN                  NaN
    34(H )      0.0000000000E+00                  NaN                  NaN
    35(H )      0.0000000000E+00                  NaN                  NaN
    36(H )      0.0000000000E+00                  NaN                  NaN
    37(S )      0.0000000000E+00                  NaN                  NaN
    38(C )      0.0000000000E+00                  NaN                  NaN
    39(C )      0.0000000000E+00                  NaN                  NaN
    40(N )      0.0000000000E+00                  NaN                  NaN
    41(C )      0.0000000000E+00                  NaN                  NaN
    42(S )      0.0000000000E+00                  NaN                  NaN
    43(C )      0.0000000000E+00                  NaN                  NaN
    44(N )      0.0000000000E+00                  NaN                  NaN
    45(Cl)      0.0000000000E+00                  NaN                  NaN
    46(C )      0.0000000000E+00                  NaN                  NaN
    47(C )      0.0000000000E+00                  NaN                  NaN
    48(C )      0.0000000000E+00                  NaN                  NaN
    49(C )      0.0000000000E+00                  NaN                  NaN
    50(O )      0.0000000000E+00                  NaN                  NaN
    51(C )      0.0000000000E+00                  NaN                  NaN
    52(C )      0.0000000000E+00                  NaN                  NaN
    53(O )      0.0000000000E+00                  NaN                  NaN
    54(C )      0.0000000000E+00                  NaN                  NaN
    55(H )      0.0000000000E+00                  NaN                  NaN
    56(H )      0.0000000000E+00                  NaN                  NaN
    57(H )      0.0000000000E+00                  NaN                  NaN
    58(H )      0.0000000000E+00                  NaN                  NaN
 Summing up above values:    0.0000000000E+00
 Summing up absolute value of above values:    0.0000000000E+00
 
                 ======== Fuzzy atomic space analysis ========
 -10 Set X,Y,Z of reference point, current:    0.00000   0.00000   0.00000 Bohr
 -6 Choose type of integration grid for AOM, current: Atomic grid
 -5 Define the atoms to be considered in options 1, 2, 13, current: all atoms
 -4 Adjust reference parameter for FLU
 -3 Set the number of iterations for Becke partition, current:  3
 -2 Select radius definition for Becke partition, current: Modified CSD
 -1 Select method for partitioning atomic spaces, current: Becke
 0 Return
 1 Perform integration in fuzzy atomic spaces for a real space function
 2 Calculate atomic and molecular multipole moments and <r^2>
 3 Calculate and output atomic overlap matrix (AOM) in current folder
 33 Calculate and output fragment overlap matrix (FOM) in current folder
 4 Calculate localization (LI) and delocalization index (DI)
 44 Calculate fragment LI (FLI) and interfragment DI (IFDI)
 5 Calculate PDI (Para-delocalization index)
 6 Calculate FLU (Aromatic fluctuation index)
 7 Calculate FLU-pi
 8 Perform integration in fuzzy overlap region for a real space functions
 11 Calculate multi-center delocalization index
 12 Calculate information-theoretic aromaticity index (ACS Omega, 3, 18370)
 13 Calculate atomic effective volume, free volume, polarizability and C6 coefficient
 
 "q": Exit program gracefully          "r": Load a new file
                    ************ Main function menu ************
 0 Show molecular structure and view orbitals
 1 Output all properties at a point       2 Topology analysis
 3 Output and plot specific property in a line
 4 Output and plot specific property in a plane
 5 Output and plot specific property within a spatial region (calc. grid data)
 6 Check & modify wavefunction
 7 Population analysis and calculation of atomic charges
 8 Orbital composition analysis           9 Bond order analysis
 10 Plot total DOS, PDOS, OPDOS, local DOS, COHP and photoelectron spectrum
 11 Plot IR/Raman/UV-Vis/ECD/VCD/ROA/NMR spectrum
 12 Quantitative analysis of molecular surface
 13 Process grid data (No grid data is presented currently)
 14 Adaptive natural density partitioning (AdNDP) analysis
 15 Fuzzy atomic space analysis
 16 Charge decomposition analysis (CDA) and plot orbital interaction diagram
 17 Basin analysis                       18 Electron excitation analysis
 19 Orbital localization analysis        20 Visual study of weak interaction
 21 Energy decomposition analysis        22 Conceptual DFT (CDFT) analysis
 23 ETS-NOCV analysis                    24 (Hyper)polarizability analysis
 25 Electron delocalization and aromaticity analyses
 26 Structure and geometry related analyses
 100 Other functions (Part 1)            200 Other functions (Part 2)
 300 Other functions (Part 3)
