 Warning: "settings.ini" was found neither in current folder nor in the path defined by "Multiwfnpath" environment variable. Now using default settings instead
 
 Multiwfn -- A Multifunctional Wavefunction Analyzer
 Version 3.8(dev), update date: 2024-Oct-6
 Developer: Tian Lu (Beijing Kein Research Center for Natural Sciences)
 Multiwfn official website: http://sobereva.com/multiwfn
 Multiwfn English forum: http://sobereva.com/wfnbbs
 Multiwfn Chinese forum: http://bbs.keinsci.com/wfn
 Both following papers ***MUST BE CITED IN MAIN TEXT*** if Multiwfn is used:
          Tian Lu, Feiwu Chen, J. Comput. Chem., 33, 580-592 (2012)
          Tian Lu, J. Chem. Phys., 161, 082503 (2024)
 See "How to cite Multiwfn.pdf" in Multiwfn binary package for more information

 ( Number of parallel threads:   4  Current date: 2024-12-12  Time: 12:46:10 )
 
 Please wait...
 Note: Found $MOSPIN field, orbital spin types are directly loaded rather than automatically determined
 
 Total energy:       0.000000000000 Hartree,   Virial ratio:  2.00000000
 Total/Alpha/Beta electrons:     66.0000     33.0000     33.0000
 Net charge:     0.00000    Expected multiplicity:    1
 The number of orbitals:    33,  Atoms:     21,  GTFs:    309
 This is a restricted closed-shell single-determinant wavefunction
 Title line of this file:  Generated by Multiwfn

 Loaded /home/santiagovargas/dev/qtaim_generator/tests/test_files/multiwfn/999/input.wfn successfully!
 
 Formula: H12 C9      Total atoms:      21
 Molecule weight:       120.19191 Da
 Point group: C1 
 
 "q": Exit program gracefully          "r": Load a new file
                    ************ Main function menu ************
 0 Show molecular structure and view orbitals
 1 Output all properties at a point       2 Topology analysis
 3 Output and plot specific property in a line
 4 Output and plot specific property in a plane
 5 Output and plot specific property within a spatial region (calc. grid data)
 6 Check & modify wavefunction
 7 Population analysis and calculation of atomic charges
 8 Orbital composition analysis           9 Bond order analysis
 10 Plot total DOS, PDOS, OPDOS, local DOS, COHP and photoelectron spectrum
 11 Plot IR/Raman/UV-Vis/ECD/VCD/ROA/NMR spectrum
 12 Quantitative analysis of molecular surface
 13 Process grid data (No grid data is presented currently)
 14 Adaptive natural density partitioning (AdNDP) analysis
 15 Fuzzy atomic space analysis
 16 Charge decomposition analysis (CDA) and plot orbital interaction diagram
 17 Basin analysis                       18 Electron excitation analysis
 19 Orbital localization analysis        20 Visual study of weak interaction
 21 Energy decomposition analysis        22 Conceptual DFT (CDFT) analysis
 23 ETS-NOCV analysis                    24 (Hyper)polarizability analysis
 25 Electron delocalization and aromaticity analyses
 26 Structure and geometry related analyses
 100 Other functions (Part 1)            200 Other functions (Part 2)
 300 Other functions (Part 3)
 There is a nice reference comprehensively introducing atomic charges:
 Tian Lu, Qinxue Chen, Partial Charges, In Exploring Chemical Concepts Through T
 heory and Computation. WILEY-VCH GmbH: Weinheim (2024); pp. 161-187. DOI: 10.10
 02/9783527843435.ch6
 
      ============== Population analysis and atomic charges ==============
 -2 Calculate interaction energy between fragments based on atomic charges
 -1 Define fragment
 0 Return
 1 Hirshfeld atomic charge
 2 Voronoi deformation density (VDD) atom population
 10 Becke atomic charge with atomic dipole moment correction
 11 Atomic dipole corrected Hirshfeld atomic charge (ADCH) (recommended)
 12 CHELPG ESP fitting atomic charge
 13 Merz-Kollmann (MK) ESP fitting atomic charge
 14 AIM atomic charge
 15 Hirshfeld-I atomic charge
 16 CM5 atomic charge    -16 Generate 1.2*CM5 atomic charge
 17 Electronegativity Equalization Method (EEM) atomic charge
 18 Restrained ElectroStatic Potential (RESP) atomic charge
 19 Gasteiger (PEOE) charge
 20 Minimal Basis Iterative Stockholder (MBIS) charge
 
                       ---------- Becke charge ----------
 -1 Return
 0 Start calculation of Becke charge!
 1 Select the definition of atomic radii, current: Modified CSD
 2 Set the number of iterations for defining Becke atomic space, current: 3
 10 Read radii from external file
 11 Modify current radii by manual input
 12 Print current radii list
 Radial grids:   75    Angular grids:  434   Total:     32550
 Calculating, please wait...
 
 Becke charge of atom     1(C ) is -0.44781049
 Becke charge of atom     2(C ) is -0.15996647
 Becke charge of atom     3(C ) is -0.33518895
 Becke charge of atom     4(C ) is -0.21040481
 Becke charge of atom     5(C ) is -0.20606465
 Becke charge of atom     6(C ) is -0.23774689
 Becke charge of atom     7(C ) is -0.34619356
 Becke charge of atom     8(C ) is -0.23770657
 Becke charge of atom     9(C ) is -0.20613898
 Becke charge of atom    10(H ) is  0.19029634
 Becke charge of atom    11(H ) is  0.19030548
 Becke charge of atom    12(H ) is  0.18970316
 Becke charge of atom    13(H ) is  0.18889801
 Becke charge of atom    14(H ) is  0.18890359
 Becke charge of atom    15(H ) is  0.20095942
 Becke charge of atom    16(H ) is  0.20829333
 Becke charge of atom    17(H ) is  0.20932462
 Becke charge of atom    18(H ) is  0.19456124
 Becke charge of atom    19(H ) is  0.20838713
 Becke charge of atom    20(H ) is  0.20931863
 Becke charge of atom    21(H ) is  0.20830281
 Summing up all charges:     0.00003239
 
 Total dipole moment from atomic charges:    0.301394 a.u.
 X/Y/Z of dipole moment vector:    0.046897    0.275961   -0.111736 a.u.
 
 Atomic dipole moments (a.u.):
 Atom     1(C ) in X/Y/Z:  -0.005873  -0.337145   0.027116 Norm:   0.338285
 Atom     2(C ) in X/Y/Z:  -0.027623  -0.280148   0.070470 Norm:   0.290193
 Atom     3(C ) in X/Y/Z:  -0.180485   0.013206   0.383441 Norm:   0.424001
 Atom     4(C ) in X/Y/Z:  -0.036813   0.440785   0.059878 Norm:   0.446354
 Atom     5(C ) in X/Y/Z:  -0.391421   0.009000  -0.111399 Norm:   0.407064
 Atom     6(C ) in X/Y/Z:  -0.194880   0.160769  -0.337078 Norm:   0.421243
 Atom     7(C ) in X/Y/Z:   0.101368  -0.341203  -0.201336 Norm:   0.408939
 Atom     8(C ) in X/Y/Z:   0.378439   0.171851  -0.067837 Norm:   0.421131
 Atom     9(C ) in X/Y/Z:   0.335278   0.023549   0.230093 Norm:   0.407319
 Atom    10(H ) in X/Y/Z:  -0.166437  -0.103100   0.030672 Norm:   0.198171
 Atom    11(H ) in X/Y/Z:   0.085171  -0.097920   0.149757 Norm:   0.198165
 Atom    12(H ) in X/Y/Z:   0.056434  -0.145930  -0.112629 Norm:   0.192784
 Atom    13(H ) in X/Y/Z:   0.065427   0.011971   0.197683 Norm:   0.208573
 Atom    14(H ) in X/Y/Z:  -0.194207   0.006830   0.075733 Norm:   0.208563
 Atom    15(H ) in X/Y/Z:  -0.007752   0.201196   0.008025 Norm:   0.201505
 Atom    16(H ) in X/Y/Z:  -0.200080   0.002253  -0.037929 Norm:   0.203656
 Atom    17(H ) in X/Y/Z:  -0.056073   0.110170  -0.148823 Norm:   0.193468
 Atom    18(H ) in X/Y/Z:   0.080894  -0.034560  -0.170791 Norm:   0.192114
 Atom    19(H ) in X/Y/Z:   0.000675  -0.190721   0.006563 Norm:   0.190835
 Atom    20(H ) in X/Y/Z:   0.146722   0.114131  -0.053605 Norm:   0.193460
 Atom    21(H ) in X/Y/Z:   0.156780   0.009349   0.129636 Norm:   0.203649
 Total atomic dipole moment:    0.290903 a.u.
 X/Y/Z of total atomic dipole:   -0.054457   -0.255669    0.127642 a.u.
 
 Calculating atomic dipole moment corrected charge...
 
       ---------- Atomic dipole moment corrected (ADC) charges ----------
 Atom:    1C   Corrected charge:   -0.252259  Before:   -0.447810
 Atom:    2C   Corrected charge:    0.136876  Before:   -0.159966
 Atom:    3C   Corrected charge:   -0.159272  Before:   -0.335189
 Atom:    4C   Corrected charge:   -0.022522  Before:   -0.210405
 Atom:    5C   Corrected charge:    0.002760  Before:   -0.206065
 Atom:    6C   Corrected charge:   -0.009956  Before:   -0.237747
 Atom:    7C   Corrected charge:   -0.171605  Before:   -0.346194
 Atom:    8C   Corrected charge:   -0.010022  Before:   -0.237707
 Atom:    9C   Corrected charge:    0.002681  Before:   -0.206139
 Atom:   10H   Corrected charge:    0.063344  Before:    0.190296
 Atom:   11H   Corrected charge:    0.063311  Before:    0.190305
 Atom:   12H   Corrected charge:    0.060864  Before:    0.189703
 Atom:   13H   Corrected charge:    0.034856  Before:    0.188898
 Atom:   14H   Corrected charge:    0.034808  Before:    0.188904
 Atom:   15H   Corrected charge:    0.017763  Before:    0.200959
 Atom:   16H   Corrected charge:    0.025029  Before:    0.208293
 Atom:   17H   Corrected charge:    0.022855  Before:    0.209325
 Atom:   18H   Corrected charge:    0.038191  Before:    0.194561
 Atom:   19H   Corrected charge:    0.074454  Before:    0.208387
 Atom:   20H   Corrected charge:    0.022886  Before:    0.209319
 Atom:   21H   Corrected charge:    0.024991  Before:    0.208303
 Summing up all corrected charges:   0.0000324
 Note: The values shown after "Corrected charge" are atomic dipole moment corrected Becke charges, the ones after "Before" are normal Becke charges
 
 Total dipole from ADC charges (a.u.)   0.0268685  Error:   0.0000000
 X/Y/Z of dipole moment from the charge (a.u.)   -0.007560    0.020292    0.015906
 
 Normalize sum of atomic populations to actual number of electrons...
 
 Final atomic charges:
 Atom    1(C ):    -0.25226201
 Atom    2(C ):     0.13687267
 Atom    3(C ):    -0.15927522
 Atom    4(C ):    -0.02252494
 Atom    5(C ):     0.00275709
 Atom    6(C ):    -0.00995932
 Atom    7(C ):    -0.17160787
 Atom    8(C ):    -0.01002495
 Atom    9(C ):     0.00267841
 Atom   10(H ):     0.06334320
 Atom   11(H ):     0.06331034
 Atom   12(H ):     0.06086331
 Atom   13(H ):     0.03485587
 Atom   14(H ):     0.03480758
 Atom   15(H ):     0.01776214
 Atom   16(H ):     0.02502874
 Atom   17(H ):     0.02285486
 Atom   18(H ):     0.03819072
 Atom   19(H ):     0.07445340
 Atom   20(H ):     0.02288542
 Atom   21(H ):     0.02499057

 Calculation took up       0 seconds wall clock time

 If outputting atom coordinates with charges to input.chg in current folder? (y/n)
 
      ============== Population analysis and atomic charges ==============
 -2 Calculate interaction energy between fragments based on atomic charges
 -1 Define fragment
 0 Return
 1 Hirshfeld atomic charge
 2 Voronoi deformation density (VDD) atom population
 10 Becke atomic charge with atomic dipole moment correction
 11 Atomic dipole corrected Hirshfeld atomic charge (ADCH) (recommended)
 12 CHELPG ESP fitting atomic charge
 13 Merz-Kollmann (MK) ESP fitting atomic charge
 14 AIM atomic charge
 15 Hirshfeld-I atomic charge
 16 CM5 atomic charge    -16 Generate 1.2*CM5 atomic charge
 17 Electronegativity Equalization Method (EEM) atomic charge
 18 Restrained ElectroStatic Potential (RESP) atomic charge
 19 Gasteiger (PEOE) charge
 20 Minimal Basis Iterative Stockholder (MBIS) charge
 
 "q": Exit program gracefully          "r": Load a new file
                    ************ Main function menu ************
 0 Show molecular structure and view orbitals
 1 Output all properties at a point       2 Topology analysis
 3 Output and plot specific property in a line
 4 Output and plot specific property in a plane
 5 Output and plot specific property within a spatial region (calc. grid data)
 6 Check & modify wavefunction
 7 Population analysis and calculation of atomic charges
 8 Orbital composition analysis           9 Bond order analysis
 10 Plot total DOS, PDOS, OPDOS, local DOS, COHP and photoelectron spectrum
 11 Plot IR/Raman/UV-Vis/ECD/VCD/ROA/NMR spectrum
 12 Quantitative analysis of molecular surface
 13 Process grid data (No grid data is presented currently)
 14 Adaptive natural density partitioning (AdNDP) analysis
 15 Fuzzy atomic space analysis
 16 Charge decomposition analysis (CDA) and plot orbital interaction diagram
 17 Basin analysis                       18 Electron excitation analysis
 19 Orbital localization analysis        20 Visual study of weak interaction
 21 Energy decomposition analysis        22 Conceptual DFT (CDFT) analysis
 23 ETS-NOCV analysis                    24 (Hyper)polarizability analysis
 25 Electron delocalization and aromaticity analyses
 26 Structure and geometry related analyses
 100 Other functions (Part 1)            200 Other functions (Part 2)
 300 Other functions (Part 3)
