 Multiwfn -- A Multifunctional Wavefunction Analyzer
 Version 3.8(dev), update date: 2024-Oct-6
 Developer: Tian Lu (Beijing Kein Research Center for Natural Sciences)
 Multiwfn official website: http://sobereva.com/multiwfn
 Multiwfn English forum: http://sobereva.com/wfnbbs
 Multiwfn Chinese forum: http://bbs.keinsci.com/wfn
 Both following papers ***MUST BE CITED IN MAIN TEXT*** if Multiwfn is used:
          Tian Lu, Feiwu Chen, J. Comput. Chem., 33, 580-592 (2012)
          Tian Lu, J. Chem. Phys., 161, 082503 (2024)
 See "How to cite Multiwfn.pdf" in Multiwfn binary package for more information

 ( Number of parallel threads:   4  Current date: 2025-06-04  Time: 14:45:14 )
 
 Please wait...
 Note: Found $MOSPIN field, orbital spin types are directly loaded rather than automatically determined
 
 Total energy:       0.000000000000 Hartree,   Virial ratio:  2.00000000
 Total/Alpha/Beta electrons:     66.0000     33.0000     33.0000
 Net charge:     0.00000    Expected multiplicity:    1
 The number of orbitals:    33,  Atoms:     21,  GTFs:    309
 This is a restricted closed-shell single-determinant wavefunction
 Title line of this file:  Generated by Multiwfn

 Loaded /home/santiagovargas/dev/qtaim_generator/data/omol_tests/base_test/input.wfn successfully!
 
 Formula: H12 C9      Total atoms:      21
 Molecule weight:       120.19191 Da
 Point group: C1 
 
 "q": Exit program gracefully          "r": Load a new file
                    ************ Main function menu ************
 0 Show molecular structure and view orbitals
 1 Output all properties at a point       2 Topology analysis
 3 Output and plot specific property in a line
 4 Output and plot specific property in a plane
 5 Output and plot specific property within a spatial region (calc. grid data)
 6 Check & modify wavefunction
 7 Population analysis and calculation of atomic charges
 8 Orbital composition analysis           9 Bond order analysis
 10 Plot total DOS, PDOS, OPDOS, local DOS, COHP and photoelectron spectrum
 11 Plot IR/Raman/UV-Vis/ECD/VCD/ROA/NMR spectrum
 12 Quantitative analysis of molecular surface
 13 Process grid data (No grid data is presented currently)
 14 Adaptive natural density partitioning (AdNDP) analysis
 15 Fuzzy atomic space analysis
 16 Charge decomposition analysis (CDA) and plot orbital interaction diagram
 17 Basin analysis                       18 Electron excitation analysis
 19 Orbital localization analysis        20 Visual study of weak interaction
 21 Energy decomposition analysis        22 Conceptual DFT (CDFT) analysis
 23 ETS-NOCV analysis                    24 (Hyper)polarizability analysis
 25 Electron delocalization and aromaticity analyses
 26 Structure and geometry related analyses
 100 Other functions (Part 1)            200 Other functions (Part 2)
 300 Other functions (Part 3)
 
                 ======== Fuzzy atomic space analysis ========
 -10 Set X,Y,Z of reference point, current:    0.00000   0.00000   0.00000 Bohr
 -6 Choose type of integration grid for AOM, current: Atomic grid
 -5 Define the atoms to be considered in options 1, 2, 13, current: all atoms
 -4 Adjust reference parameter for FLU
 -3 Set the number of iterations for Becke partition, current:  3
 -2 Select radius definition for Becke partition, current: Modified CSD
 -1 Select method for partitioning atomic spaces, current: Becke
 0 Return
 1 Perform integration in fuzzy atomic spaces for a real space function
 2 Calculate atomic and molecular multipole moments and <r^2>
 3 Calculate and output atomic overlap matrix (AOM) in current folder
 33 Calculate and output fragment overlap matrix (FOM) in current folder
 4 Calculate localization (LI) and delocalization index (DI)
 44 Calculate fragment LI (FLI) and interfragment DI (IFDI)
 5 Calculate PDI (Para-delocalization index)
 6 Calculate FLU (Aromatic fluctuation index)
 7 Calculate FLU-pi
 8 Perform integration in fuzzy overlap region for a real space functions
 11 Calculate multi-center delocalization index
 12 Calculate information-theoretic aromaticity index (ACS Omega, 3, 18370)
 13 Calculate atomic effective volume, free volume, polarizability and C6 coefficient
 -2 Deformation density
             ----------- Available real space functions -----------
 1 Electron density (rho)     2 Gradient norm of rho     3 Laplacian of rho
 4 Value of orbital wavefunction         44 Orbital probability density
 5 Electron spin density
 6 Hamiltonian kinetic energy density K(r)
 7 Lagrangian kinetic energy density G(r)
 8 Electrostatic potential from nuclear charges
 9 Electron Localization Function (ELF)
 10 Localized orbital locator (LOL)
 11 Local information entropy
 12 Total electrostatic potential (ESP)
 13 Reduced density gradient (RDG)       14 RDG with promolecular approximation
 15 Sign(lambda2)*rho      16 Sign(lambda2)*rho with promolecular approximation
 17 Correlation hole for alpha, ref. point:   0.00000   0.00000   0.00000
 18 Average local ionization energy (ALIE)
 19 Source function, mode: 1, ref. point:   0.00000   0.00000   0.00000
 20 Electron delocal. range func. EDR(r;d)  21 Orbital overlap dist. func. D(r)
 22 Delta-g (promolecular approximation)    23 Delta-g (Hirshfeld partition)
 24 Interaction region indicator (IRI)    25 van der Waals potential (probe=C )
 100 User-defined function (iuserfunc=    0), see Section 2.7 of manual
 Radial points:   75    Angular points:  434   Total:     32550 per center
 Please wait...
 
 Progress: [--------------------------------------------------]     0.0 %     - Progress: [##------------------------------------------------]     4.8 %     \ Progress: [####----------------------------------------------]     9.5 %     | Progress: [#######-------------------------------------------]    14.3 %     / Progress: [#########-----------------------------------------]    19.0 %     - Progress: [###########---------------------------------------]    23.8 %     \ Progress: [##############------------------------------------]    28.6 %     | Progress: [################----------------------------------]    33.3 %     / Progress: [###################-------------------------------]    38.1 %     - Progress: [#####################-----------------------------]    42.9 %     \ Progress: [#######################---------------------------]    47.6 %     | Progress: [##########################------------------------]    52.4 %     / Progress: [############################----------------------]    57.1 %     - Progress: [##############################--------------------]    61.9 %     \ Progress: [#################################-----------------]    66.7 %     | Progress: [###################################---------------]    71.4 %     / Progress: [######################################------------]    76.2 %     - Progress: [########################################----------]    81.0 %     \ Progress: [##########################################--------]    85.7 %     | Progress: [#############################################-----]    90.5 %     / Progress: [###############################################---]    95.2 %     - Progress: [##################################################]   100.0 %     \ 
 Calculation took up       1 seconds wall clock time
 
   Atomic space        Value                % of sum            % of sum abs
     1(C )            6.44779401             9.769390             9.769390
     2(C )            6.16003144             9.333386             9.333386
     3(C )            6.33517714             9.598758             9.598758
     4(C )            6.21043599             9.409756             9.409756
     5(C )            6.20602553             9.403074             9.403074
     6(C )            6.23775507             9.451149             9.451149
     7(C )            6.34617757             9.615425             9.615425
     8(C )            6.23774770             9.451138             9.451138
     9(C )            6.20623521             9.403391             9.403391
    10(H )            0.80971867             1.226847             1.226847
    11(H )            0.80958782             1.226649             1.226649
    12(H )            0.81042096             1.227911             1.227911
    13(H )            0.81110108             1.228942             1.228942
    14(H )            0.81108997             1.228925             1.228925
    15(H )            0.79899089             1.210593             1.210593
    16(H )            0.79173843             1.199604             1.199604
    17(H )            0.79067508             1.197993             1.197993
    18(H )            0.80544517             1.220372             1.220372
    19(H )            0.79158958             1.199379             1.199379
    20(H )            0.79061823             1.197907             1.197907
    21(H )            0.79161207             1.199413             1.199413
 Summing up above values:         65.99996761
 Summing up absolute value of above values:         65.99996761
 
                 ======== Fuzzy atomic space analysis ========
 -10 Set X,Y,Z of reference point, current:    0.00000   0.00000   0.00000 Bohr
 -6 Choose type of integration grid for AOM, current: Atomic grid
 -5 Define the atoms to be considered in options 1, 2, 13, current: all atoms
 -4 Adjust reference parameter for FLU
 -3 Set the number of iterations for Becke partition, current:  3
 -2 Select radius definition for Becke partition, current: Modified CSD
 -1 Select method for partitioning atomic spaces, current: Becke
 0 Return
 1 Perform integration in fuzzy atomic spaces for a real space function
 2 Calculate atomic and molecular multipole moments and <r^2>
 3 Calculate and output atomic overlap matrix (AOM) in current folder
 33 Calculate and output fragment overlap matrix (FOM) in current folder
 4 Calculate localization (LI) and delocalization index (DI)
 44 Calculate fragment LI (FLI) and interfragment DI (IFDI)
 5 Calculate PDI (Para-delocalization index)
 6 Calculate FLU (Aromatic fluctuation index)
 7 Calculate FLU-pi
 8 Perform integration in fuzzy overlap region for a real space functions
 11 Calculate multi-center delocalization index
 12 Calculate information-theoretic aromaticity index (ACS Omega, 3, 18370)
 13 Calculate atomic effective volume, free volume, polarizability and C6 coefficient
 
 "q": Exit program gracefully          "r": Load a new file
                    ************ Main function menu ************
 0 Show molecular structure and view orbitals
 1 Output all properties at a point       2 Topology analysis
 3 Output and plot specific property in a line
 4 Output and plot specific property in a plane
 5 Output and plot specific property within a spatial region (calc. grid data)
 6 Check & modify wavefunction
 7 Population analysis and calculation of atomic charges
 8 Orbital composition analysis           9 Bond order analysis
 10 Plot total DOS, PDOS, OPDOS, local DOS, COHP and photoelectron spectrum
 11 Plot IR/Raman/UV-Vis/ECD/VCD/ROA/NMR spectrum
 12 Quantitative analysis of molecular surface
 13 Process grid data (No grid data is presented currently)
 14 Adaptive natural density partitioning (AdNDP) analysis
 15 Fuzzy atomic space analysis
 16 Charge decomposition analysis (CDA) and plot orbital interaction diagram
 17 Basin analysis                       18 Electron excitation analysis
 19 Orbital localization analysis        20 Visual study of weak interaction
 21 Energy decomposition analysis        22 Conceptual DFT (CDFT) analysis
 23 ETS-NOCV analysis                    24 (Hyper)polarizability analysis
 25 Electron delocalization and aromaticity analyses
 26 Structure and geometry related analyses
 100 Other functions (Part 1)            200 Other functions (Part 2)
 300 Other functions (Part 3)
