 Warning: "settings.ini" was found neither in current folder nor in the path defined by "Multiwfnpath" environment variable. Now using default settings instead
 
 Multiwfn -- A Multifunctional Wavefunction Analyzer
 Version 3.8(dev), update date: 2024-Oct-6
 Developer: Tian Lu (Beijing Kein Research Center for Natural Sciences)
 Multiwfn official website: http://sobereva.com/multiwfn
 Multiwfn English forum: http://sobereva.com/wfnbbs
 Multiwfn Chinese forum: http://bbs.keinsci.com/wfn
 Both following papers ***MUST BE CITED IN MAIN TEXT*** if Multiwfn is used:
          Tian Lu, Feiwu Chen, J. Comput. Chem., 33, 580-592 (2012)
          Tian Lu, J. Chem. Phys., 161, 082503 (2024)
 See "How to cite Multiwfn.pdf" in Multiwfn binary package for more information

 ( Number of parallel threads:   4  Current date: 2024-12-12  Time: 12:46:12 )
 
 Please wait...
 Note: Found $MOSPIN field, orbital spin types are directly loaded rather than automatically determined
 
 Total energy:       0.000000000000 Hartree,   Virial ratio:  2.00000000
 Total/Alpha/Beta electrons:     66.0000     33.0000     33.0000
 Net charge:     0.00000    Expected multiplicity:    1
 The number of orbitals:    33,  Atoms:     21,  GTFs:    309
 This is a restricted closed-shell single-determinant wavefunction
 Title line of this file:  Generated by Multiwfn

 Loaded /home/santiagovargas/dev/qtaim_generator/tests/test_files/multiwfn/999/input.wfn successfully!
 
 Formula: H12 C9      Total atoms:      21
 Molecule weight:       120.19191 Da
 Point group: C1 
 
 "q": Exit program gracefully          "r": Load a new file
                    ************ Main function menu ************
 0 Show molecular structure and view orbitals
 1 Output all properties at a point       2 Topology analysis
 3 Output and plot specific property in a line
 4 Output and plot specific property in a plane
 5 Output and plot specific property within a spatial region (calc. grid data)
 6 Check & modify wavefunction
 7 Population analysis and calculation of atomic charges
 8 Orbital composition analysis           9 Bond order analysis
 10 Plot total DOS, PDOS, OPDOS, local DOS, COHP and photoelectron spectrum
 11 Plot IR/Raman/UV-Vis/ECD/VCD/ROA/NMR spectrum
 12 Quantitative analysis of molecular surface
 13 Process grid data (No grid data is presented currently)
 14 Adaptive natural density partitioning (AdNDP) analysis
 15 Fuzzy atomic space analysis
 16 Charge decomposition analysis (CDA) and plot orbital interaction diagram
 17 Basin analysis                       18 Electron excitation analysis
 19 Orbital localization analysis        20 Visual study of weak interaction
 21 Energy decomposition analysis        22 Conceptual DFT (CDFT) analysis
 23 ETS-NOCV analysis                    24 (Hyper)polarizability analysis
 25 Electron delocalization and aromaticity analyses
 26 Structure and geometry related analyses
 100 Other functions (Part 1)            200 Other functions (Part 2)
 300 Other functions (Part 3)
 There is a nice reference comprehensively introducing atomic charges:
 Tian Lu, Qinxue Chen, Partial Charges, In Exploring Chemical Concepts Through T
 heory and Computation. WILEY-VCH GmbH: Weinheim (2024); pp. 161-187. DOI: 10.10
 02/9783527843435.ch6
 
      ============== Population analysis and atomic charges ==============
 -2 Calculate interaction energy between fragments based on atomic charges
 -1 Define fragment
 0 Return
 1 Hirshfeld atomic charge
 2 Voronoi deformation density (VDD) atom population
 10 Becke atomic charge with atomic dipole moment correction
 11 Atomic dipole corrected Hirshfeld atomic charge (ADCH) (recommended)
 12 CHELPG ESP fitting atomic charge
 13 Merz-Kollmann (MK) ESP fitting atomic charge
 14 AIM atomic charge
 15 Hirshfeld-I atomic charge
 16 CM5 atomic charge    -16 Generate 1.2*CM5 atomic charge
 17 Electronegativity Equalization Method (EEM) atomic charge
 18 Restrained ElectroStatic Potential (RESP) atomic charge
 19 Gasteiger (PEOE) charge
 20 Minimal Basis Iterative Stockholder (MBIS) charge
 This task requests atomic densities, please select how to obtain them
 1 Use build-in sphericalized atomic densities in free-states (more convenient)
 2 Provide wavefunction file of involved elements by yourself or invoke Gaussian to automatically calculate them
 Radial grids:   75    Angular grids:  434   Total:     32550
 Calculating, please wait...
 
 Hirshfeld charge of atom     1(C ) is -0.07641556
 Hirshfeld charge of atom     2(C ) is  0.02473821
 Hirshfeld charge of atom     3(C ) is -0.05784665
 Hirshfeld charge of atom     4(C ) is -0.01767063
 Hirshfeld charge of atom     5(C ) is -0.01596783
 Hirshfeld charge of atom     6(C ) is -0.04311180
 Hirshfeld charge of atom     7(C ) is -0.06450066
 Hirshfeld charge of atom     8(C ) is -0.04311047
 Hirshfeld charge of atom     9(C ) is -0.01592425
 Hirshfeld charge of atom    10(H ) is  0.02875850
 Hirshfeld charge of atom    11(H ) is  0.02876621
 Hirshfeld charge of atom    12(H ) is  0.02730308
 Hirshfeld charge of atom    13(H ) is  0.01779820
 Hirshfeld charge of atom    14(H ) is  0.01779294
 Hirshfeld charge of atom    15(H ) is  0.02299225
 Hirshfeld charge of atom    16(H ) is  0.02247680
 Hirshfeld charge of atom    17(H ) is  0.03034729
 Hirshfeld charge of atom    18(H ) is  0.03351333
 Hirshfeld charge of atom    19(H ) is  0.02719743
 Hirshfeld charge of atom    20(H ) is  0.03036239
 Hirshfeld charge of atom    21(H ) is  0.02247004
 Summing up all charges:    -0.00003119
 
 Total dipole moment from atomic charges:    0.064279 a.u.
 X/Y/Z of dipole moment vector:    0.010856    0.057817   -0.025904 a.u.
 
                       ---------- CM5 charges ----------
 Atom:    1C   CM5 charge:   -0.220175  Hirshfeld charge:   -0.076416
 Atom:    2C   CM5 charge:    0.003165  Hirshfeld charge:    0.024738
 Atom:    3C   CM5 charge:   -0.157564  Hirshfeld charge:   -0.057847
 Atom:    4C   CM5 charge:   -0.076094  Hirshfeld charge:   -0.017671
 Atom:    5C   CM5 charge:   -0.071422  Hirshfeld charge:   -0.015968
 Atom:    6C   CM5 charge:   -0.103000  Hirshfeld charge:   -0.043112
 Atom:    7C   CM5 charge:   -0.167987  Hirshfeld charge:   -0.064501
 Atom:    8C   CM5 charge:   -0.103004  Hirshfeld charge:   -0.043110
 Atom:    9C   CM5 charge:   -0.071367  Hirshfeld charge:   -0.015924
 Atom:   10H   CM5 charge:    0.080248  Hirshfeld charge:    0.028759
 Atom:   11H   CM5 charge:    0.080252  Hirshfeld charge:    0.028766
 Atom:   12H   CM5 charge:    0.079468  Hirshfeld charge:    0.027303
 Atom:   13H   CM5 charge:    0.072211  Hirshfeld charge:    0.017798
 Atom:   14H   CM5 charge:    0.072201  Hirshfeld charge:    0.017793
 Atom:   15H   CM5 charge:    0.077704  Hirshfeld charge:    0.022992
 Atom:   16H   CM5 charge:    0.079224  Hirshfeld charge:    0.022477
 Atom:   17H   CM5 charge:    0.087293  Hirshfeld charge:    0.030347
 Atom:   18H   CM5 charge:    0.087980  Hirshfeld charge:    0.033513
 Atom:   19H   CM5 charge:    0.084313  Hirshfeld charge:    0.027197
 Atom:   20H   CM5 charge:    0.087316  Hirshfeld charge:    0.030362
 Atom:   21H   CM5 charge:    0.079204  Hirshfeld charge:    0.022470
 Summing up all CM5 charges:    -0.00003119
 
 Total dipole moment from CM5 charges   0.0755718 a.u.
 X/Y/Z of dipole moment from CM5 charges   0.01951   0.05796  -0.04439 a.u.
 
 Normalize sum of atomic populations to actual number of electrons...
 
 Final atomic charges:
 Atom    1(C ):    -0.22017158
 Atom    2(C ):     0.00316780
 Atom    3(C ):    -0.15756088
 Atom    4(C ):    -0.07609135
 Atom    5(C ):    -0.07141921
 Atom    6(C ):    -0.10299670
 Atom    7(C ):    -0.16798454
 Atom    8(C ):    -0.10300153
 Atom    9(C ):    -0.07136367
 Atom   10(H ):     0.08024820
 Atom   11(H ):     0.08025273
 Atom   12(H ):     0.07946886
 Atom   13(H ):     0.07221144
 Atom   14(H ):     0.07220169
 Atom   15(H ):     0.07770465
 Atom   16(H ):     0.07922467
 Atom   17(H ):     0.08729326
 Atom   18(H ):     0.08798069
 Atom   19(H ):     0.08431391
 Atom   20(H ):     0.08731677
 Atom   21(H ):     0.07920482

 Calculation took up       1 seconds wall clock time

 If outputting atom coordinates with charges to input.chg in current folder? (y/n)
 
      ============== Population analysis and atomic charges ==============
 -2 Calculate interaction energy between fragments based on atomic charges
 -1 Define fragment
 0 Return
 1 Hirshfeld atomic charge
 2 Voronoi deformation density (VDD) atom population
 10 Becke atomic charge with atomic dipole moment correction
 11 Atomic dipole corrected Hirshfeld atomic charge (ADCH) (recommended)
 12 CHELPG ESP fitting atomic charge
 13 Merz-Kollmann (MK) ESP fitting atomic charge
 14 AIM atomic charge
 15 Hirshfeld-I atomic charge
 16 CM5 atomic charge    -16 Generate 1.2*CM5 atomic charge
 17 Electronegativity Equalization Method (EEM) atomic charge
 18 Restrained ElectroStatic Potential (RESP) atomic charge
 19 Gasteiger (PEOE) charge
 20 Minimal Basis Iterative Stockholder (MBIS) charge
 
 "q": Exit program gracefully          "r": Load a new file
                    ************ Main function menu ************
 0 Show molecular structure and view orbitals
 1 Output all properties at a point       2 Topology analysis
 3 Output and plot specific property in a line
 4 Output and plot specific property in a plane
 5 Output and plot specific property within a spatial region (calc. grid data)
 6 Check & modify wavefunction
 7 Population analysis and calculation of atomic charges
 8 Orbital composition analysis           9 Bond order analysis
 10 Plot total DOS, PDOS, OPDOS, local DOS, COHP and photoelectron spectrum
 11 Plot IR/Raman/UV-Vis/ECD/VCD/ROA/NMR spectrum
 12 Quantitative analysis of molecular surface
 13 Process grid data (No grid data is presented currently)
 14 Adaptive natural density partitioning (AdNDP) analysis
 15 Fuzzy atomic space analysis
 16 Charge decomposition analysis (CDA) and plot orbital interaction diagram
 17 Basin analysis                       18 Electron excitation analysis
 19 Orbital localization analysis        20 Visual study of weak interaction
 21 Energy decomposition analysis        22 Conceptual DFT (CDFT) analysis
 23 ETS-NOCV analysis                    24 (Hyper)polarizability analysis
 25 Electron delocalization and aromaticity analyses
 26 Structure and geometry related analyses
 100 Other functions (Part 1)            200 Other functions (Part 2)
 300 Other functions (Part 3)
