 Warning: "settings.ini" was found neither in current folder nor in the path defined by "Multiwfnpath" environment variable. Now using default settings instead
 
 Multiwfn -- A Multifunctional Wavefunction Analyzer
 Version 3.8(dev), update date: 2024-Oct-6
 Developer: Tian Lu (Beijing Kein Research Center for Natural Sciences)
 Multiwfn official website: http://sobereva.com/multiwfn
 Multiwfn English forum: http://sobereva.com/wfnbbs
 Multiwfn Chinese forum: http://bbs.keinsci.com/wfn
 Both following papers ***MUST BE CITED IN MAIN TEXT*** if Multiwfn is used:
          Tian Lu, Feiwu Chen, J. Comput. Chem., 33, 580-592 (2012)
          Tian Lu, J. Chem. Phys., 161, 082503 (2024)
 See "How to cite Multiwfn.pdf" in Multiwfn binary package for more information

 ( Number of parallel threads:   4  Current date: 2024-12-12  Time: 12:44:32 )
 
 Please wait...
 Loading various information of the wavefunction
 This file is recognized to be generated by ORCA because there is "orca" word in title line. Special treatments are applied...
 Loading basis set definition...
 All D basis functions are spherical harmonic type
 Loading orbitals...
 The actual number of orbitals read:       186
 Converting basis function information to GTF information...
 Back converting basis function information from Cartesian to spherical type...
 Generating density matrix...
 Generating overlap matrix...
 
 Total/Alpha/Beta electrons:     66.0000     33.0000     33.0000
 Net charge:     0.00000      Expected multiplicity:    1
 Atoms:     21,  Basis functions:    186,  GTFs:    309
 This is a restricted single-determinant wavefunction
 Orbitals from 1 to    33 are occupied

 Loaded /home/santiagovargas/dev/qtaim_generator/tests/test_files/multiwfn/999/input.molden.input successfully!
 
 Formula: H12 C9      Total atoms:      21
 Molecule weight:       120.19191 Da
 Point group: C1 
 
 "q": Exit program gracefully          "r": Load a new file
                    ************ Main function menu ************
 0 Show molecular structure and view orbitals
 1 Output all properties at a point       2 Topology analysis
 3 Output and plot specific property in a line
 4 Output and plot specific property in a plane
 5 Output and plot specific property within a spatial region (calc. grid data)
 6 Check & modify wavefunction
 7 Population analysis and calculation of atomic charges
 8 Orbital composition analysis           9 Bond order analysis
 10 Plot total DOS, PDOS, OPDOS, local DOS, COHP and photoelectron spectrum
 11 Plot IR/Raman/UV-Vis/ECD/VCD/ROA/NMR spectrum
 12 Quantitative analysis of molecular surface
 13 Process grid data (No grid data is presented currently)
 14 Adaptive natural density partitioning (AdNDP) analysis
 15 Fuzzy atomic space analysis
 16 Charge decomposition analysis (CDA) and plot orbital interaction diagram
 17 Basin analysis                       18 Electron excitation analysis
 19 Orbital localization analysis        20 Visual study of weak interaction
 21 Energy decomposition analysis        22 Conceptual DFT (CDFT) analysis
 23 ETS-NOCV analysis                    24 (Hyper)polarizability analysis
 25 Electron delocalization and aromaticity analyses
 26 Structure and geometry related analyses
 100 Other functions (Part 1)            200 Other functions (Part 2)
 300 Other functions (Part 3)
 
               ============ Other functions (Part 1) ============ 
 0 Return
 1 Draw scatter graph between two functions and generate their cube files
 2 Export various files (mwfn/pdb/xyz/wfn/wfx/molden/fch/47/mkl...) or generate input file of quantum chemistry programs
 3 Calculate molecular van der Waals volume
 4 Integrate a function in whole space
 5 Show overlap integral between alpha and beta orbitals
 6 Monitor SCF convergence process of Gaussian
 7 Auxiliary tools for CP2K (CP2Kmate)
 8 Generate Gaussian input file with initial guess from fragment wavefunctions
 9 Evaluate interatomic connectivity and atomic coordination number
 11 Calculate overlap and centroid distance between two orbitals
 12 Biorthogonalization between alpha and beta orbitals
 14 Calculate LOLIPOP (LOL Integrated Pi Over Plane)
 15 Calculate intermolecular orbital overlap
 17 Generate Fock/KS matrix based on orbital energies and coefficients
 18 Yoshizawa's electron transport route analysis
 19 Generate new wavefunction by combining fragment wavefunctions
 20 Calculate Hellmann-Feynman forces
 21 Calculate properties based on geometry information for specific atoms
 22 Detect pi orbitals, set occupation numbers and calculate pi composition
 23 Fit function distribution to atomic value
 0 Return
                 Export system to various formats of files:
 1 Output current structure to .pdb file
 2 Output current structure to .xyz file
 3 Output current structure and atomic charges to .chg file
 4 Output current wavefunction as .wfx file
 5 Output current wavefunction as .wfn file
 6 Output current wavefunction as Molden input file (.molden)
 7 Output current wavefunction as .fch file
 8 Output current wavefunction as .47 file
 9 Output current wavefunction as old Molekel input file (.mkl)
 31 Output current structure to .cml file
 32 Output current wavefunction as .mwfn file
 33 Output current structure and cell information as .cif file
 34 Output current structure and cell information as .gro file
              Generate input file of quantum chemistry codes:
 10 Gaussian
 11 GAMESS-US
 12 ORCA         13 NWChem       14 MOPAC
 15 PSI4         16 MRCC         17 CFOUR
 18 Molpro       19 Dalton       20 Molcas
 21 Q-Chem
 25 CP2K         26 Quantum ESPRESSO      27 VASP (POSCAR)
 Input path for exporting file, e.g. C:\ltwd.wfn
 Note: Found       153 zero occupied orbitals and have discarded them
 Done!
 
               ============ Other functions (Part 1) ============ 
 0 Return
 1 Draw scatter graph between two functions and generate their cube files
 2 Export various files (mwfn/pdb/xyz/wfn/wfx/molden/fch/47/mkl...) or generate input file of quantum chemistry programs
 3 Calculate molecular van der Waals volume
 4 Integrate a function in whole space
 5 Show overlap integral between alpha and beta orbitals
 6 Monitor SCF convergence process of Gaussian
 7 Auxiliary tools for CP2K (CP2Kmate)
 8 Generate Gaussian input file with initial guess from fragment wavefunctions
 9 Evaluate interatomic connectivity and atomic coordination number
 11 Calculate overlap and centroid distance between two orbitals
 12 Biorthogonalization between alpha and beta orbitals
 14 Calculate LOLIPOP (LOL Integrated Pi Over Plane)
 15 Calculate intermolecular orbital overlap
 17 Generate Fock/KS matrix based on orbital energies and coefficients
 18 Yoshizawa's electron transport route analysis
 19 Generate new wavefunction by combining fragment wavefunctions
 20 Calculate Hellmann-Feynman forces
 21 Calculate properties based on geometry information for specific atoms
 22 Detect pi orbitals, set occupation numbers and calculate pi composition
 23 Fit function distribution to atomic value
 
 "q": Exit program gracefully          "r": Load a new file
                    ************ Main function menu ************
 0 Show molecular structure and view orbitals
 1 Output all properties at a point       2 Topology analysis
 3 Output and plot specific property in a line
 4 Output and plot specific property in a plane
 5 Output and plot specific property within a spatial region (calc. grid data)
 6 Check & modify wavefunction
 7 Population analysis and calculation of atomic charges
 8 Orbital composition analysis           9 Bond order analysis
 10 Plot total DOS, PDOS, OPDOS, local DOS, COHP and photoelectron spectrum
 11 Plot IR/Raman/UV-Vis/ECD/VCD/ROA/NMR spectrum
 12 Quantitative analysis of molecular surface
 13 Process grid data (No grid data is presented currently)
 14 Adaptive natural density partitioning (AdNDP) analysis
 15 Fuzzy atomic space analysis
 16 Charge decomposition analysis (CDA) and plot orbital interaction diagram
 17 Basin analysis                       18 Electron excitation analysis
 19 Orbital localization analysis        20 Visual study of weak interaction
 21 Energy decomposition analysis        22 Conceptual DFT (CDFT) analysis
 23 ETS-NOCV analysis                    24 (Hyper)polarizability analysis
 25 Electron delocalization and aromaticity analyses
 26 Structure and geometry related analyses
 100 Other functions (Part 1)            200 Other functions (Part 2)
 300 Other functions (Part 3)
