 Warning: "settings.ini" was found neither in current folder nor in the path defined by "Multiwfnpath" environment variable. Now using default settings instead
 
 Multiwfn -- A Multifunctional Wavefunction Analyzer
 Version 3.8(dev), update date: 2024-Oct-6
 Developer: Tian Lu (Beijing Kein Research Center for Natural Sciences)
 Multiwfn official website: http://sobereva.com/multiwfn
 Multiwfn English forum: http://sobereva.com/wfnbbs
 Multiwfn Chinese forum: http://bbs.keinsci.com/wfn
 Both following papers ***MUST BE CITED IN MAIN TEXT*** if Multiwfn is used:
          Tian Lu, Feiwu Chen, J. Comput. Chem., 33, 580-592 (2012)
          Tian Lu, J. Chem. Phys., 161, 082503 (2024)
 See "How to cite Multiwfn.pdf" in Multiwfn binary package for more information

 ( Number of parallel threads:   4  Current date: 2024-12-12  Time: 12:46:13 )
 
 Please wait...
 Note: Found $MOSPIN field, orbital spin types are directly loaded rather than automatically determined
 
 Total energy:       0.000000000000 Hartree,   Virial ratio:  2.00000000
 Total/Alpha/Beta electrons:     66.0000     33.0000     33.0000
 Net charge:     0.00000    Expected multiplicity:    1
 The number of orbitals:    33,  Atoms:     21,  GTFs:    309
 This is a restricted closed-shell single-determinant wavefunction
 Title line of this file:  Generated by Multiwfn

 Loaded /home/santiagovargas/dev/qtaim_generator/tests/test_files/multiwfn/999/input.wfn successfully!
 
 Formula: H12 C9      Total atoms:      21
 Molecule weight:       120.19191 Da
 Point group: C1 
 
 "q": Exit program gracefully          "r": Load a new file
                    ************ Main function menu ************
 0 Show molecular structure and view orbitals
 1 Output all properties at a point       2 Topology analysis
 3 Output and plot specific property in a line
 4 Output and plot specific property in a plane
 5 Output and plot specific property within a spatial region (calc. grid data)
 6 Check & modify wavefunction
 7 Population analysis and calculation of atomic charges
 8 Orbital composition analysis           9 Bond order analysis
 10 Plot total DOS, PDOS, OPDOS, local DOS, COHP and photoelectron spectrum
 11 Plot IR/Raman/UV-Vis/ECD/VCD/ROA/NMR spectrum
 12 Quantitative analysis of molecular surface
 13 Process grid data (No grid data is presented currently)
 14 Adaptive natural density partitioning (AdNDP) analysis
 15 Fuzzy atomic space analysis
 16 Charge decomposition analysis (CDA) and plot orbital interaction diagram
 17 Basin analysis                       18 Electron excitation analysis
 19 Orbital localization analysis        20 Visual study of weak interaction
 21 Energy decomposition analysis        22 Conceptual DFT (CDFT) analysis
 23 ETS-NOCV analysis                    24 (Hyper)polarizability analysis
 25 Electron delocalization and aromaticity analyses
 26 Structure and geometry related analyses
 100 Other functions (Part 1)            200 Other functions (Part 2)
 300 Other functions (Part 3)
 
            ================ Bond order analysis ===============
 -1 Define fragment 1 and 2 for options 1,3,4,7,8,10 (to be defined)
 0 Return
 1 Mayer bond order analysis
 2 Multicenter bond order analysis
 -2 Multicenter bond order analysis in NAO basis
 3 Wiberg bond order analysis in Lowdin orthogonalized basis
 4 Mulliken bond order (Mulliken overlap population) analysis
 5 Decompose Mulliken bond order between two atoms to orbital contributions
 6 Orbital occupancy-perturbed Mayer bond order
 7 Fuzzy bond order analysis (FBO)
 8 Laplacian bond order (LBO)
 9 Decompose Wiberg bond order in NAO basis as atomic orbital pair contribution
 10 Intrinsic bond strength index (IBSI)
 11 AV1245 index (approximate multicenter bond order for large rings) and AVmin
 20 Bond order density (BOD) and natural adaptive orbital (NAdO) analyses
 Allocating memory...
 Radial points:   45    Angular points:  170   Total:      7650 per center
 Please wait...
 
 Progress: [--------------------------------------------------]     0.0 %     - Progress: [##------------------------------------------------]     4.8 %     \ Progress: [####----------------------------------------------]     9.5 %     | Progress: [#######-------------------------------------------]    14.3 %     / Progress: [#########-----------------------------------------]    19.0 %     - Progress: [###########---------------------------------------]    23.8 %     \ Progress: [##############------------------------------------]    28.6 %     | Progress: [################----------------------------------]    33.3 %     / Progress: [###################-------------------------------]    38.1 %     - Progress: [#####################-----------------------------]    42.9 %     \ Progress: [#######################---------------------------]    47.6 %     | Progress: [##########################------------------------]    52.4 %     / Progress: [############################----------------------]    57.1 %     - Progress: [##############################--------------------]    61.9 %     \ Progress: [#################################-----------------]    66.7 %     | Progress: [###################################---------------]    71.4 %     / Progress: [######################################------------]    76.2 %     - Progress: [########################################----------]    81.0 %     \ Progress: [##########################################--------]    85.7 %     | Progress: [#############################################-----]    90.5 %     / Progress: [###############################################---]    95.2 %     - Progress: [##################################################]   100.0 %     \ 
 Calculation took up       0 seconds wall clock time
 Error of AOM is    0.00102038
 Maximum diagonal deviation to 1:     0.000295 at orbital    23
 Maximum nondiagonal deviation to 0:  0.000206 between orbitals    12    23

 Warning: The integration is not very accurate
 To improve accuracy, please try one or some of following treatments:
 (1) Enlarge "radpot" and "sphpot" in settings.ini
 (2) Set "radcut" in settings.ini to 0
 (3) Choose option -6 to change to much more expensive molecular grid
 (4) If diffuse functions were heavily employed, remove them
 
 Calculating LI and DI from AOM...
 
 The total bond order >=  0.050000
#    1:         1(C )    2(C )    1.13207786
#    2:         1(C )    3(C )    0.06279059
#    3:         1(C )   10(H )    0.89483630
#    4:         1(C )   11(H )    0.89535370
#    5:         1(C )   12(H )    0.88967178
#    6:         2(C )    3(C )    0.98653234
#    7:         2(C )    4(C )    0.20796415
#    8:         2(C )    5(C )    0.93249132
#    9:         2(C )    6(C )    0.05300266
#   10:         2(C )    8(C )    0.05310127
#   11:         2(C )    9(C )    0.93262974
#   12:         2(C )   10(H )    0.05244709
#   13:         2(C )   11(H )    0.05241212
#   14:         3(C )    4(C )    1.03455697
#   15:         3(C )    5(C )    0.12533434
#   16:         3(C )    9(C )    0.12532594
#   17:         3(C )   13(H )    0.88278428
#   18:         3(C )   14(H )    0.88285867
#   19:         4(C )    5(C )    0.95452957
#   20:         4(C )    6(C )    0.07011770
#   21:         4(C )    8(C )    0.07014559
#   22:         4(C )    9(C )    0.95443663
#   23:         4(C )   15(H )    0.87645487
#   24:         5(C )    6(C )    1.04422079
#   25:         5(C )    7(C )    0.05837466
#   26:         5(C )    8(C )    0.07474863
#   27:         5(C )    9(C )    0.13645422
#   28:         5(C )   16(H )    0.86406486
#   29:         6(C )    7(C )    1.05782240
#   30:         6(C )    8(C )    0.98782499
#   31:         6(C )    9(C )    0.07468526
#   32:         6(C )   17(H )    0.87211956
#   33:         7(C )    8(C )    1.05772429
#   34:         7(C )    9(C )    0.05841379
#   35:         7(C )   18(H )    0.89231667
#   36:         7(C )   19(H )    0.86217618
#   37:         8(C )    9(C )    1.04433513
#   38:         8(C )   20(H )    0.87186479
#   39:         9(C )   21(H )    0.86247017
 
 If outputting bond order matrix to bndmat.txt in current folder? (y/n)
 
            ================ Bond order analysis ===============
 -1 Define fragment 1 and 2 for options 1,3,4,7,8,10 (to be defined)
 0 Return
 1 Mayer bond order analysis
 2 Multicenter bond order analysis
 -2 Multicenter bond order analysis in NAO basis
 3 Wiberg bond order analysis in Lowdin orthogonalized basis
 4 Mulliken bond order (Mulliken overlap population) analysis
 5 Decompose Mulliken bond order between two atoms to orbital contributions
 6 Orbital occupancy-perturbed Mayer bond order
 7 Fuzzy bond order analysis (FBO)
 8 Laplacian bond order (LBO)
 9 Decompose Wiberg bond order in NAO basis as atomic orbital pair contribution
 10 Intrinsic bond strength index (IBSI)
 11 AV1245 index (approximate multicenter bond order for large rings) and AVmin
 20 Bond order density (BOD) and natural adaptive orbital (NAdO) analyses
 
 "q": Exit program gracefully          "r": Load a new file
                    ************ Main function menu ************
 0 Show molecular structure and view orbitals
 1 Output all properties at a point       2 Topology analysis
 3 Output and plot specific property in a line
 4 Output and plot specific property in a plane
 5 Output and plot specific property within a spatial region (calc. grid data)
 6 Check & modify wavefunction
 7 Population analysis and calculation of atomic charges
 8 Orbital composition analysis           9 Bond order analysis
 10 Plot total DOS, PDOS, OPDOS, local DOS, COHP and photoelectron spectrum
 11 Plot IR/Raman/UV-Vis/ECD/VCD/ROA/NMR spectrum
 12 Quantitative analysis of molecular surface
 13 Process grid data (No grid data is presented currently)
 14 Adaptive natural density partitioning (AdNDP) analysis
 15 Fuzzy atomic space analysis
 16 Charge decomposition analysis (CDA) and plot orbital interaction diagram
 17 Basin analysis                       18 Electron excitation analysis
 19 Orbital localization analysis        20 Visual study of weak interaction
 21 Energy decomposition analysis        22 Conceptual DFT (CDFT) analysis
 23 ETS-NOCV analysis                    24 (Hyper)polarizability analysis
 25 Electron delocalization and aromaticity analyses
 26 Structure and geometry related analyses
 100 Other functions (Part 1)            200 Other functions (Part 2)
 300 Other functions (Part 3)
