 Warning: "settings.ini" was found neither in current folder nor in the path defined by "Multiwfnpath" environment variable. Now using default settings instead
 
 Multiwfn -- A Multifunctional Wavefunction Analyzer
 Version 3.8(dev), update date: 2024-Oct-6
 Developer: Tian Lu (Beijing Kein Research Center for Natural Sciences)
 Multiwfn official website: http://sobereva.com/multiwfn
 Multiwfn English forum: http://sobereva.com/wfnbbs
 Multiwfn Chinese forum: http://bbs.keinsci.com/wfn
 Both following papers ***MUST BE CITED IN MAIN TEXT*** if Multiwfn is used:
          Tian Lu, Feiwu Chen, J. Comput. Chem., 33, 580-592 (2012)
          Tian Lu, J. Chem. Phys., 161, 082503 (2024)
 See "How to cite Multiwfn.pdf" in Multiwfn binary package for more information

 ( Number of parallel threads:   4  Current date: 2024-12-12  Time: 12:46:13 )
 
 Please wait...
 Note: Found $MOSPIN field, orbital spin types are directly loaded rather than automatically determined
 
 Total energy:       0.000000000000 Hartree,   Virial ratio:  2.00000000
 Total/Alpha/Beta electrons:     66.0000     33.0000     33.0000
 Net charge:     0.00000    Expected multiplicity:    1
 The number of orbitals:    33,  Atoms:     21,  GTFs:    309
 This is a restricted closed-shell single-determinant wavefunction
 Title line of this file:  Generated by Multiwfn

 Loaded /home/santiagovargas/dev/qtaim_generator/tests/test_files/multiwfn/999/input.wfn successfully!
 
 Formula: H12 C9      Total atoms:      21
 Molecule weight:       120.19191 Da
 Point group: C1 
 
 "q": Exit program gracefully          "r": Load a new file
                    ************ Main function menu ************
 0 Show molecular structure and view orbitals
 1 Output all properties at a point       2 Topology analysis
 3 Output and plot specific property in a line
 4 Output and plot specific property in a plane
 5 Output and plot specific property within a spatial region (calc. grid data)
 6 Check & modify wavefunction
 7 Population analysis and calculation of atomic charges
 8 Orbital composition analysis           9 Bond order analysis
 10 Plot total DOS, PDOS, OPDOS, local DOS, COHP and photoelectron spectrum
 11 Plot IR/Raman/UV-Vis/ECD/VCD/ROA/NMR spectrum
 12 Quantitative analysis of molecular surface
 13 Process grid data (No grid data is presented currently)
 14 Adaptive natural density partitioning (AdNDP) analysis
 15 Fuzzy atomic space analysis
 16 Charge decomposition analysis (CDA) and plot orbital interaction diagram
 17 Basin analysis                       18 Electron excitation analysis
 19 Orbital localization analysis        20 Visual study of weak interaction
 21 Energy decomposition analysis        22 Conceptual DFT (CDFT) analysis
 23 ETS-NOCV analysis                    24 (Hyper)polarizability analysis
 25 Electron delocalization and aromaticity analyses
 26 Structure and geometry related analyses
 100 Other functions (Part 1)            200 Other functions (Part 2)
 300 Other functions (Part 3)
 
            ================ Bond order analysis ===============
 -1 Define fragment 1 and 2 for options 1,3,4,7,8,10 (to be defined)
 0 Return
 1 Mayer bond order analysis
 2 Multicenter bond order analysis
 -2 Multicenter bond order analysis in NAO basis
 3 Wiberg bond order analysis in Lowdin orthogonalized basis
 4 Mulliken bond order (Mulliken overlap population) analysis
 5 Decompose Mulliken bond order between two atoms to orbital contributions
 6 Orbital occupancy-perturbed Mayer bond order
 7 Fuzzy bond order analysis (FBO)
 8 Laplacian bond order (LBO)
 9 Decompose Wiberg bond order in NAO basis as atomic orbital pair contribution
 10 Intrinsic bond strength index (IBSI)
 11 AV1245 index (approximate multicenter bond order for large rings) and AVmin
 20 Bond order density (BOD) and natural adaptive orbital (NAdO) analyses
 
 Citation: J. Phys. Chem. A, 124, 1850 (2020)
 Note: The current reference value corresponds to H2 in experimental structure (0.74144 Ang) with density generated at B3LYP/6-311G** level
 
            ---------- Intrinsic bond strength index (IBSI) ----------
 0 Return
 1 Start calculation
 2 Toggle type of IGM, current: IGM based on Hirshfeld partition (IGMH)
 3 Input the range of the atoms to be taken into account, current: all
 4 Set H2 reference value, current:  0.500791
 5 Set distance threshold for printing result, current: < 3.500 Angstrom
 Please select grid for integrating the delta-g_pair functions
 Note: Option 1 is deprecated since numerical accuracy is too low for IGMH
 1 Medium quality (radial=30, angular=110. Cost=1.0 x)
 2 High quality (radial=40, angular=170. Cost=2.1 x)
 3 Ultrafine quality (radial=60, angular=302. Cost=5.5 x)
 4 Perfect quality (radial=75, angular=434. Cost=9.9 x)
 5 Use "radpot" and "sphpot" defined in settings.ini
 Radial points:   30    Angular points:  110   Total:      3300 per center
 Progress: [--------------------------------------------------]     0.0 %     - Progress: [##------------------------------------------------]     4.8 %     \ Progress: [####----------------------------------------------]     9.5 %     | Progress: [#######-------------------------------------------]    14.3 %     / Progress: [#########-----------------------------------------]    19.0 %     - Progress: [###########---------------------------------------]    23.8 %     \ Progress: [##############------------------------------------]    28.6 %     | Progress: [################----------------------------------]    33.3 %     / Progress: [###################-------------------------------]    38.1 %     - Progress: [#####################-----------------------------]    42.9 %     \ Progress: [#######################---------------------------]    47.6 %     | Progress: [##########################------------------------]    52.4 %     / Progress: [############################----------------------]    57.1 %     - Progress: [##############################--------------------]    61.9 %     \ Progress: [#################################-----------------]    66.7 %     | Progress: [###################################---------------]    71.4 %     / Progress: [######################################------------]    76.2 %     - Progress: [########################################----------]    81.0 %     \ Progress: [##########################################--------]    85.7 %     | Progress: [#############################################-----]    90.5 %     / Progress: [###############################################---]    95.2 %     - Progress: [##################################################]   100.0 %     \ 
 Calculation took up wall clock time         1 s
 
 Note: "Dist" is distance between the two atoms in Angstrom, Int(dg_pair) is the integral in the numerator of the IBSI formule (atomic pair delta-g index)
 
    1(C )    2(C )  Dist:  1.5122   Int(dg_pair): 0.70074   IBSI: 0.61189
    1(C )    3(C )  Dist:  2.6856   Int(dg_pair): 0.10533   IBSI: 0.02916
    1(C )    4(C )  Dist:  3.3971   Int(dg_pair): 0.03987   IBSI: 0.00690
    1(C )    5(C )  Dist:  2.8005   Int(dg_pair): 0.09301   IBSI: 0.02368
    1(C )    7(C )  Dist:  3.3574   Int(dg_pair): 0.02859   IBSI: 0.00507
    1(C )    9(C )  Dist:  2.8001   Int(dg_pair): 0.09345   IBSI: 0.02380
    1(C )   10(H )  Dist:  1.0963   Int(dg_pair): 0.47054   IBSI: 0.78179
    1(C )   11(H )  Dist:  1.0963   Int(dg_pair): 0.47011   IBSI: 0.78100
    1(C )   12(H )  Dist:  1.0917   Int(dg_pair): 0.47621   IBSI: 0.79795
    1(C )   13(H )  Dist:  3.1152   Int(dg_pair): 0.02249   IBSI: 0.00463
    1(C )   14(H )  Dist:  3.1155   Int(dg_pair): 0.02247   IBSI: 0.00462
    1(C )   16(H )  Dist:  3.2484   Int(dg_pair): 0.01971   IBSI: 0.00373
    1(C )   19(H )  Dist:  2.6662   Int(dg_pair): 0.03300   IBSI: 0.00927
    1(C )   21(H )  Dist:  3.2480   Int(dg_pair): 0.01972   IBSI: 0.00373
    2(C )    3(C )  Dist:  1.5518   Int(dg_pair): 0.73771   IBSI: 0.61174
    2(C )    4(C )  Dist:  1.8891   Int(dg_pair): 0.49063   IBSI: 0.27454
    2(C )    5(C )  Dist:  1.5768   Int(dg_pair): 0.73279   IBSI: 0.58851
    2(C )    6(C )  Dist:  2.5564   Int(dg_pair): 0.14403   IBSI: 0.04401
    2(C )    7(C )  Dist:  2.8932   Int(dg_pair): 0.06651   IBSI: 0.01587
    2(C )    8(C )  Dist:  2.5563   Int(dg_pair): 0.14417   IBSI: 0.04406
    2(C )    9(C )  Dist:  1.5767   Int(dg_pair): 0.73341   IBSI: 0.58914
    2(C )   10(H )  Dist:  2.1494   Int(dg_pair): 0.10663   IBSI: 0.04609
    2(C )   11(H )  Dist:  2.1492   Int(dg_pair): 0.10657   IBSI: 0.04607
    2(C )   12(H )  Dist:  2.1995   Int(dg_pair): 0.10421   IBSI: 0.04301
    2(C )   13(H )  Dist:  2.2605   Int(dg_pair): 0.09623   IBSI: 0.03761
    2(C )   14(H )  Dist:  2.2606   Int(dg_pair): 0.09619   IBSI: 0.03759
    2(C )   15(H )  Dist:  2.9807   Int(dg_pair): 0.03733   IBSI: 0.00839
    2(C )   16(H )  Dist:  2.3067   Int(dg_pair): 0.09071   IBSI: 0.03404
    2(C )   19(H )  Dist:  2.7094   Int(dg_pair): 0.03495   IBSI: 0.00951
    2(C )   21(H )  Dist:  2.3067   Int(dg_pair): 0.09065   IBSI: 0.03402
    3(C )    4(C )  Dist:  1.5339   Int(dg_pair): 0.75401   IBSI: 0.63994
    3(C )    5(C )  Dist:  2.1959   Int(dg_pair): 0.25897   IBSI: 0.10724
    3(C )    9(C )  Dist:  2.1959   Int(dg_pair): 0.25878   IBSI: 0.10716
    3(C )   10(H )  Dist:  2.9642   Int(dg_pair): 0.02595   IBSI: 0.00590
    3(C )   11(H )  Dist:  2.9613   Int(dg_pair): 0.02572   IBSI: 0.00586
    3(C )   13(H )  Dist:  1.0948   Int(dg_pair): 0.47949   IBSI: 0.79887
    3(C )   14(H )  Dist:  1.0948   Int(dg_pair): 0.47724   IBSI: 0.79508
    3(C )   15(H )  Dist:  2.3710   Int(dg_pair): 0.08355   IBSI: 0.02968
    3(C )   16(H )  Dist:  2.6130   Int(dg_pair): 0.04870   IBSI: 0.01424
    3(C )   21(H )  Dist:  2.6133   Int(dg_pair): 0.04865   IBSI: 0.01423
    4(C )    5(C )  Dist:  1.5726   Int(dg_pair): 0.73391   IBSI: 0.59259
    4(C )    6(C )  Dist:  2.4917   Int(dg_pair): 0.15597   IBSI: 0.05017
    4(C )    8(C )  Dist:  2.4918   Int(dg_pair): 0.15545   IBSI: 0.04999
    4(C )    9(C )  Dist:  1.5727   Int(dg_pair): 0.73575   IBSI: 0.59398
    4(C )   13(H )  Dist:  2.2542   Int(dg_pair): 0.09785   IBSI: 0.03845
    4(C )   14(H )  Dist:  2.2541   Int(dg_pair): 0.09812   IBSI: 0.03856
    4(C )   15(H )  Dist:  1.0917   Int(dg_pair): 0.47762   IBSI: 0.80017
    4(C )   16(H )  Dist:  2.3097   Int(dg_pair): 0.09080   IBSI: 0.03398
    4(C )   17(H )  Dist:  3.1219   Int(dg_pair): 0.02383   IBSI: 0.00488
    4(C )   20(H )  Dist:  3.1223   Int(dg_pair): 0.02386   IBSI: 0.00489
    4(C )   21(H )  Dist:  2.3100   Int(dg_pair): 0.09109   IBSI: 0.03409
    5(C )    6(C )  Dist:  1.5255   Int(dg_pair): 0.71612   IBSI: 0.61444
    5(C )    7(C )  Dist:  2.6228   Int(dg_pair): 0.12541   IBSI: 0.03640
    5(C )    8(C )  Dist:  2.3386   Int(dg_pair): 0.20909   IBSI: 0.07634
    5(C )    9(C )  Dist:  2.0738   Int(dg_pair): 0.33159   IBSI: 0.15396
    5(C )   10(H )  Dist:  3.1228   Int(dg_pair): 0.02167   IBSI: 0.00444
    5(C )   12(H )  Dist:  3.1756   Int(dg_pair): 0.02157   IBSI: 0.00427
    5(C )   13(H )  Dist:  3.2087   Int(dg_pair): 0.02481   IBSI: 0.00481
    5(C )   14(H )  Dist:  2.5609   Int(dg_pair): 0.05166   IBSI: 0.01573
    5(C )   15(H )  Dist:  2.3858   Int(dg_pair): 0.08147   IBSI: 0.02858
    5(C )   16(H )  Dist:  1.0924   Int(dg_pair): 0.47840   IBSI: 0.80054
    5(C )   17(H )  Dist:  2.2588   Int(dg_pair): 0.09386   IBSI: 0.03673
    5(C )   19(H )  Dist:  2.8865   Int(dg_pair): 0.03408   IBSI: 0.00817
    5(C )   20(H )  Dist:  3.2625   Int(dg_pair): 0.02288   IBSI: 0.00429
    5(C )   21(H )  Dist:  3.1294   Int(dg_pair): 0.02919   IBSI: 0.00595
    6(C )    7(C )  Dist:  1.5106   Int(dg_pair): 0.78886   IBSI: 0.69035
    6(C )    8(C )  Dist:  1.5150   Int(dg_pair): 0.79977   IBSI: 0.69579
    6(C )    9(C )  Dist:  2.3386   Int(dg_pair): 0.20974   IBSI: 0.07658
    6(C )   12(H )  Dist:  3.4777   Int(dg_pair): 0.01225   IBSI: 0.00202
    6(C )   15(H )  Dist:  3.0312   Int(dg_pair): 0.02664   IBSI: 0.00579
    6(C )   16(H )  Dist:  2.2660   Int(dg_pair): 0.09352   IBSI: 0.03637
    6(C )   17(H )  Dist:  1.0845   Int(dg_pair): 0.47909   IBSI: 0.81342
    6(C )   18(H )  Dist:  2.2113   Int(dg_pair): 0.10241   IBSI: 0.04182
    6(C )   19(H )  Dist:  2.2645   Int(dg_pair): 0.10059   IBSI: 0.03917
    6(C )   20(H )  Dist:  2.2857   Int(dg_pair): 0.09603   IBSI: 0.03670
    6(C )   21(H )  Dist:  3.3789   Int(dg_pair): 0.01917   IBSI: 0.00335
    7(C )    8(C )  Dist:  1.5107   Int(dg_pair): 0.78726   IBSI: 0.68879
    7(C )    9(C )  Dist:  2.6230   Int(dg_pair): 0.12613   IBSI: 0.03661
    7(C )   12(H )  Dist:  2.8746   Int(dg_pair): 0.02558   IBSI: 0.00618
    7(C )   16(H )  Dist:  3.4218   Int(dg_pair): 0.01674   IBSI: 0.00285
    7(C )   17(H )  Dist:  2.2491   Int(dg_pair): 0.09862   IBSI: 0.03893
    7(C )   18(H )  Dist:  1.0862   Int(dg_pair): 0.47795   IBSI: 0.80898
    7(C )   19(H )  Dist:  1.0809   Int(dg_pair): 0.48132   IBSI: 0.82261
    7(C )   20(H )  Dist:  2.2490   Int(dg_pair): 0.09870   IBSI: 0.03897
    7(C )   21(H )  Dist:  3.4222   Int(dg_pair): 0.01674   IBSI: 0.00285
    8(C )    9(C )  Dist:  1.5255   Int(dg_pair): 0.71691   IBSI: 0.61511
    8(C )   12(H )  Dist:  3.4758   Int(dg_pair): 0.01235   IBSI: 0.00204
    8(C )   15(H )  Dist:  3.0313   Int(dg_pair): 0.02672   IBSI: 0.00581
    8(C )   16(H )  Dist:  3.3789   Int(dg_pair): 0.01916   IBSI: 0.00335
    8(C )   17(H )  Dist:  2.2857   Int(dg_pair): 0.09624   IBSI: 0.03678
    8(C )   18(H )  Dist:  2.2114   Int(dg_pair): 0.10234   IBSI: 0.04179
    8(C )   19(H )  Dist:  2.2648   Int(dg_pair): 0.09990   IBSI: 0.03889
    8(C )   20(H )  Dist:  1.0844   Int(dg_pair): 0.47883   IBSI: 0.81309
    8(C )   21(H )  Dist:  2.2660   Int(dg_pair): 0.09346   IBSI: 0.03635
    9(C )   11(H )  Dist:  3.1243   Int(dg_pair): 0.02187   IBSI: 0.00447
    9(C )   12(H )  Dist:  3.1730   Int(dg_pair): 0.02182   IBSI: 0.00433
    9(C )   13(H )  Dist:  2.5610   Int(dg_pair): 0.05146   IBSI: 0.01567
    9(C )   14(H )  Dist:  3.2087   Int(dg_pair): 0.02507   IBSI: 0.00486
    9(C )   15(H )  Dist:  2.3859   Int(dg_pair): 0.08143   IBSI: 0.02857
    9(C )   16(H )  Dist:  3.1293   Int(dg_pair): 0.02904   IBSI: 0.00592
    9(C )   17(H )  Dist:  3.2624   Int(dg_pair): 0.02285   IBSI: 0.00429
    9(C )   19(H )  Dist:  2.8869   Int(dg_pair): 0.03401   IBSI: 0.00815
    9(C )   20(H )  Dist:  2.2589   Int(dg_pair): 0.09382   IBSI: 0.03672
    9(C )   21(H )  Dist:  1.0925   Int(dg_pair): 0.47730   IBSI: 0.79857
   10(H )   11(H )  Dist:  1.7668   Int(dg_pair): 0.09000   IBSI: 0.05757
   10(H )   12(H )  Dist:  1.7646   Int(dg_pair): 0.09040   IBSI: 0.05797
   10(H )   13(H )  Dist:  3.4884   Int(dg_pair): 0.00525   IBSI: 0.00086
   10(H )   14(H )  Dist:  2.9968   Int(dg_pair): 0.01003   IBSI: 0.00223
   10(H )   16(H )  Dist:  3.1990   Int(dg_pair): 0.00787   IBSI: 0.00154
   10(H )   19(H )  Dist:  3.3968   Int(dg_pair): 0.00598   IBSI: 0.00103
   11(H )   12(H )  Dist:  1.7645   Int(dg_pair): 0.09030   IBSI: 0.05791
   11(H )   13(H )  Dist:  2.9935   Int(dg_pair): 0.00968   IBSI: 0.00216
   11(H )   14(H )  Dist:  3.4844   Int(dg_pair): 0.00528   IBSI: 0.00087
   11(H )   19(H )  Dist:  3.4017   Int(dg_pair): 0.00600   IBSI: 0.00104
   11(H )   21(H )  Dist:  3.2008   Int(dg_pair): 0.00808   IBSI: 0.00157
   12(H )   19(H )  Dist:  1.9445   Int(dg_pair): 0.03432   IBSI: 0.01813
   13(H )   14(H )  Dist:  1.8022   Int(dg_pair): 0.08643   IBSI: 0.05314
   13(H )   15(H )  Dist:  2.8965   Int(dg_pair): 0.01788   IBSI: 0.00426
   13(H )   21(H )  Dist:  2.5037   Int(dg_pair): 0.02096   IBSI: 0.00668
   14(H )   15(H )  Dist:  2.8965   Int(dg_pair): 0.01789   IBSI: 0.00426
   14(H )   16(H )  Dist:  2.5034   Int(dg_pair): 0.02107   IBSI: 0.00671
   15(H )   16(H )  Dist:  2.9297   Int(dg_pair): 0.01719   IBSI: 0.00400
   15(H )   17(H )  Dist:  3.3459   Int(dg_pair): 0.00672   IBSI: 0.00120
   15(H )   20(H )  Dist:  3.3464   Int(dg_pair): 0.00677   IBSI: 0.00121
   15(H )   21(H )  Dist:  2.9298   Int(dg_pair): 0.01718   IBSI: 0.00400
   16(H )   17(H )  Dist:  2.6715   Int(dg_pair): 0.02224   IBSI: 0.00622
   17(H )   18(H )  Dist:  2.5155   Int(dg_pair): 0.02731   IBSI: 0.00862
   17(H )   19(H )  Dist:  3.1274   Int(dg_pair): 0.01424   IBSI: 0.00291
   17(H )   20(H )  Dist:  2.6722   Int(dg_pair): 0.02386   IBSI: 0.00667
   18(H )   19(H )  Dist:  1.8108   Int(dg_pair): 0.08544   IBSI: 0.05203
   18(H )   20(H )  Dist:  2.5153   Int(dg_pair): 0.02739   IBSI: 0.00865
   19(H )   20(H )  Dist:  3.1275   Int(dg_pair): 0.01423   IBSI: 0.00291
   20(H )   21(H )  Dist:  2.6715   Int(dg_pair): 0.02226   IBSI: 0.00623
 
            ---------- Intrinsic bond strength index (IBSI) ----------
 0 Return
 1 Start calculation
 2 Toggle type of IGM, current: IGM based on Hirshfeld partition (IGMH)
 3 Input the range of the atoms to be taken into account, current: all
 4 Set H2 reference value, current:  0.500791
 5 Set distance threshold for printing result, current: < 3.500 Angstrom
 
            ================ Bond order analysis ===============
 -1 Define fragment 1 and 2 for options 1,3,4,7,8,10 (to be defined)
 0 Return
 1 Mayer bond order analysis
 2 Multicenter bond order analysis
 -2 Multicenter bond order analysis in NAO basis
 3 Wiberg bond order analysis in Lowdin orthogonalized basis
 4 Mulliken bond order (Mulliken overlap population) analysis
 5 Decompose Mulliken bond order between two atoms to orbital contributions
 6 Orbital occupancy-perturbed Mayer bond order
 7 Fuzzy bond order analysis (FBO)
 8 Laplacian bond order (LBO)
 9 Decompose Wiberg bond order in NAO basis as atomic orbital pair contribution
 10 Intrinsic bond strength index (IBSI)
 11 AV1245 index (approximate multicenter bond order for large rings) and AVmin
 20 Bond order density (BOD) and natural adaptive orbital (NAdO) analyses
 
 "q": Exit program gracefully          "r": Load a new file
                    ************ Main function menu ************
 0 Show molecular structure and view orbitals
 1 Output all properties at a point       2 Topology analysis
 3 Output and plot specific property in a line
 4 Output and plot specific property in a plane
 5 Output and plot specific property within a spatial region (calc. grid data)
 6 Check & modify wavefunction
 7 Population analysis and calculation of atomic charges
 8 Orbital composition analysis           9 Bond order analysis
 10 Plot total DOS, PDOS, OPDOS, local DOS, COHP and photoelectron spectrum
 11 Plot IR/Raman/UV-Vis/ECD/VCD/ROA/NMR spectrum
 12 Quantitative analysis of molecular surface
 13 Process grid data (No grid data is presented currently)
 14 Adaptive natural density partitioning (AdNDP) analysis
 15 Fuzzy atomic space analysis
 16 Charge decomposition analysis (CDA) and plot orbital interaction diagram
 17 Basin analysis                       18 Electron excitation analysis
 19 Orbital localization analysis        20 Visual study of weak interaction
 21 Energy decomposition analysis        22 Conceptual DFT (CDFT) analysis
 23 ETS-NOCV analysis                    24 (Hyper)polarizability analysis
 25 Electron delocalization and aromaticity analyses
 26 Structure and geometry related analyses
 100 Other functions (Part 1)            200 Other functions (Part 2)
 300 Other functions (Part 3)
