 Warning: "settings.ini" was found neither in current folder nor in the path defined by "Multiwfnpath" environment variable. Now using default settings instead
 
 Multiwfn -- A Multifunctional Wavefunction Analyzer
 Version 3.8(dev), update date: 2024-Oct-6
 Developer: Tian Lu (Beijing Kein Research Center for Natural Sciences)
 Multiwfn official website: http://sobereva.com/multiwfn
 Multiwfn English forum: http://sobereva.com/wfnbbs
 Multiwfn Chinese forum: http://bbs.keinsci.com/wfn
 Both following papers ***MUST BE CITED IN MAIN TEXT*** if Multiwfn is used:
          Tian Lu, Feiwu Chen, J. Comput. Chem., 33, 580-592 (2012)
          Tian Lu, J. Chem. Phys., 161, 082503 (2024)
 See "How to cite Multiwfn.pdf" in Multiwfn binary package for more information

 ( Number of parallel threads:   4  Current date: 2024-10-25  Time: 19:35:50 )

 Warning: You should set OMP_STACKSIZE environment variable as mentioned in Section 2.1.2 of Multiwfn manual!
 
 Please wait...
 Note: Found $MOSPIN field, orbital spin types are directly loaded rather than automatically determined
 
 Total energy:       0.000000000000 Hartree,   Virial ratio:  2.00000000
 Total/Alpha/Beta electrons:    312.0000    156.0000    156.0000
 Net charge:     2.00000    Expected multiplicity:    1
 The number of orbitals:   156,  Atoms:     87,  GTFs:   2859
 This is a restricted closed-shell single-determinant wavefunction
 Title line of this file:  Generated by Multiwfn

 Loaded /home/santiagovargas/dev/qtaim_generator/data/orca6/orca.wfn successfully!
 
 Formula: H47 C25 N7 O7 Mg1      Total atoms:      87
 Molecule weight:       581.98942 Da
 Point group: C1 
 
 "q": Exit program gracefully          "r": Load a new file
                    ************ Main function menu ************
 0 Show molecular structure and view orbitals
 1 Output all properties at a point       2 Topology analysis
 3 Output and plot specific property in a line
 4 Output and plot specific property in a plane
 5 Output and plot specific property within a spatial region (calc. grid data)
 6 Check & modify wavefunction
 7 Population analysis and calculation of atomic charges
 8 Orbital composition analysis           9 Bond order analysis
 10 Plot total DOS, PDOS, OPDOS, local DOS, COHP and photoelectron spectrum
 11 Plot IR/Raman/UV-Vis/ECD/VCD/ROA/NMR spectrum
 12 Quantitative analysis of molecular surface
 13 Process grid data (No grid data is presented currently)
 14 Adaptive natural density partitioning (AdNDP) analysis
 15 Fuzzy atomic space analysis
 16 Charge decomposition analysis (CDA) and plot orbital interaction diagram
 17 Basin analysis                       18 Electron excitation analysis
 19 Orbital localization analysis        20 Visual study of weak interaction
 21 Energy decomposition analysis        22 Conceptual DFT (CDFT) analysis
 23 ETS-NOCV analysis                    24 (Hyper)polarizability analysis
 25 Electron delocalization and aromaticity analyses
 26 Structure and geometry related analyses
 100 Other functions (Part 1)            200 Other functions (Part 2)
 300 Other functions (Part 3)
 
            ================ Bond order analysis ===============
 -1 Define fragment 1 and 2 for options 1,3,4,7,8,10 (to be defined)
 0 Return
 1 Mayer bond order analysis
 2 Multicenter bond order analysis
 -2 Multicenter bond order analysis in NAO basis
 3 Wiberg bond order analysis in Lowdin orthogonalized basis
 4 Mulliken bond order (Mulliken overlap population) analysis
 5 Decompose Mulliken bond order between two atoms to orbital contributions
 6 Orbital occupancy-perturbed Mayer bond order
 7 Fuzzy bond order analysis (FBO)
 8 Laplacian bond order (LBO)
 9 Decompose Wiberg bond order in NAO basis as atomic orbital pair contribution
 10 Intrinsic bond strength index (IBSI)
 11 AV1245 index (approximate multicenter bond order for large rings) and AVmin
 20 Bond order density (BOD) and natural adaptive orbital (NAdO) analyses

 Citation of Laplacian bond order (LBO):
 Tian Lu and Feiwu Chen, Bond Order Analysis Based on the Laplacian of Electron Density in Fuzzy Overlap Space, J. Phys. Chem. A, 117, 3100-3108 (2013)

 Radial points:   45    Angular points:  302   Total:     13590 per center
 Please wait...
 
 Progress: [--------------------------------------------------]     0.0 %     - Progress: [--------------------------------------------------]     1.1 %     \ Progress: [#-------------------------------------------------]     2.3 %     | Progress: [#-------------------------------------------------]     3.4 %     / Progress: [##------------------------------------------------]     4.6 %     - Progress: [##------------------------------------------------]     5.7 %     \ Progress: [###-----------------------------------------------]     6.9 %     | Progress: [####----------------------------------------------]     8.0 %     / Progress: [####----------------------------------------------]     9.2 %     - Progress: [#####---------------------------------------------]    10.3 %     \ Progress: [#####---------------------------------------------]    11.5 %     | Progress: [######--------------------------------------------]    12.6 %     / Progress: [######--------------------------------------------]    13.8 %     - Progress: [#######-------------------------------------------]    14.9 %     \ Progress: [########------------------------------------------]    16.1 %     | Progress: [########------------------------------------------]    17.2 %     / Progress: [#########-----------------------------------------]    18.4 %     - Progress: [#########-----------------------------------------]    19.5 %     \ Progress: [##########----------------------------------------]    20.7 %     | Progress: [##########----------------------------------------]    21.8 %     / Progress: [###########---------------------------------------]    23.0 %     - Progress: [############--------------------------------------]    24.1 %     \ Progress: [############--------------------------------------]    25.3 %     | Progress: [#############-------------------------------------]    26.4 %     / Progress: [#############-------------------------------------]    27.6 %     - Progress: [##############------------------------------------]    28.7 %     \ Progress: [##############------------------------------------]    29.9 %     | Progress: [###############-----------------------------------]    31.0 %     / Progress: [################----------------------------------]    32.2 %     - Progress: [################----------------------------------]    33.3 %     \ Progress: [#################---------------------------------]    34.5 %     | Progress: [#################---------------------------------]    35.6 %     / Progress: [##################--------------------------------]    36.8 %     - Progress: [##################--------------------------------]    37.9 %     \ Progress: [###################-------------------------------]    39.1 %     | Progress: [####################------------------------------]    40.2 %     / Progress: [####################------------------------------]    41.4 %     - Progress: [#####################-----------------------------]    42.5 %     \ Progress: [#####################-----------------------------]    43.7 %     | Progress: [######################----------------------------]    44.8 %     / Progress: [######################----------------------------]    46.0 %     - Progress: [#######################---------------------------]    47.1 %     \ Progress: [########################--------------------------]    48.3 %     | Progress: [########################--------------------------]    49.4 %     / Progress: [#########################-------------------------]    50.6 %     - Progress: [#########################-------------------------]    51.7 %     \ Progress: [##########################------------------------]    52.9 %     | Progress: [###########################-----------------------]    54.0 %     / Progress: [###########################-----------------------]    55.2 %     - Progress: [############################----------------------]    56.3 %     \ Progress: [############################----------------------]    57.5 %     | Progress: [#############################---------------------]    58.6 %     / Progress: [#############################---------------------]    59.8 %     - Progress: [##############################--------------------]    60.9 %     \ Progress: [###############################-------------------]    62.1 %     | Progress: [###############################-------------------]    63.2 %     / Progress: [################################------------------]    64.4 %     - Progress: [################################------------------]    65.5 %     \ Progress: [#################################-----------------]    66.7 %     | Progress: [#################################-----------------]    67.8 %     / Progress: [##################################----------------]    69.0 %     - Progress: [###################################---------------]    70.1 %     \ Progress: [###################################---------------]    71.3 %     | Progress: [####################################--------------]    72.4 %     / Progress: [####################################--------------]    73.6 %     - Progress: [#####################################-------------]    74.7 %     \ Progress: [#####################################-------------]    75.9 %     | Progress: [######################################------------]    77.0 %     / Progress: [#######################################-----------]    78.2 %     - Progress: [#######################################-----------]    79.3 %     \ Progress: [########################################----------]    80.5 %     | Progress: [########################################----------]    81.6 %     / Progress: [#########################################---------]    82.8 %     - Progress: [#########################################---------]    83.9 %     \ Progress: [##########################################--------]    85.1 %     | Progress: [###########################################-------]    86.2 %     / Progress: [###########################################-------]    87.4 %     - Progress: [############################################------]    88.5 %     \ Progress: [############################################------]    89.7 %     | Progress: [#############################################-----]    90.8 %     / Progress: [#############################################-----]    92.0 %     - Progress: [##############################################----]    93.1 %     \ Progress: [###############################################---]    94.3 %     | Progress: [###############################################---]    95.4 %     / Progress: [################################################--]    96.6 %     - Progress: [################################################--]    97.7 %     \ Progress: [#################################################-]    98.9 %     | Progress: [##################################################]   100.0 %     / 
 Calculation took up      76 seconds wall clock time
 
 The bond orders >=  0.050000
 #    1:    1(C )    2(C ):  1.074386
 #    2:    1(C )    4(H ):  0.821889
 #    3:    1(C )    5(H ):  0.826308
 #    4:    1(C )    6(H ):  0.819460
 #    5:    2(C )    3(O ):  1.097425
 #    6:    2(C )    7(N ):  1.277792
 #    7:    7(N )    8(C ):  0.664323
 #    8:    7(N )   14(H ):  0.682976
 #    9:    8(C )    9(C ):  0.991673
 #   10:    8(C )   11(C ):  0.817002
 #   11:    8(C )   15(H ):  0.829225
 #   12:    9(C )   10(O ):  1.024198
 #   13:    9(C )   23(N ):  1.302983
 #   14:   11(C )   12(C ):  0.912127
 #   15:   11(C )   13(C ):  0.948940
 #   16:   11(C )   16(H ):  0.818329
 #   17:   12(C )   17(H ):  0.830562
 #   18:   12(C )   18(H ):  0.822836
 #   19:   12(C )   19(H ):  0.824151
 #   20:   13(C )   20(H ):  0.832694
 #   21:   13(C )   21(H ):  0.825805
 #   22:   13(C )   22(H ):  0.823439
 #   23:   23(N )   24(C ):  0.655553
 #   24:   23(N )   28(H ):  0.680556
 #   25:   24(C )   25(C ):  1.049744
 #   26:   24(C )   27(C ):  0.935781
 #   27:   24(C )   29(H ):  0.834492
 #   28:   25(C )   26(O ):  1.025120
 #   29:   25(C )   33(N ):  1.313943
 #   30:   26(O )   87(Mg):  0.066742
 #   31:   27(C )   30(H ):  0.831359
 #   32:   27(C )   31(H ):  0.831286
 #   33:   27(C )   32(H ):  0.823835
 #   34:   33(N )   34(C ):  0.623819
 #   35:   33(N )   37(H ):  0.686408
 #   36:   34(C )   35(C ):  1.079551
 #   37:   34(C )   38(H ):  0.837963
 #   38:   34(C )   39(H ):  0.843797
 #   39:   35(C )   36(O ):  1.156402
 #   40:   35(C )   40(N ):  1.243951
 #   41:   40(N )   41(C ):  0.680475
 #   42:   40(N )   45(H ):  0.670999
 #   43:   41(C )   42(C ):  1.020502
 #   44:   41(C )   44(C ):  0.971388
 #   45:   41(C )   46(H ):  0.834140
 #   46:   42(C )   43(O ):  1.008847
 #   47:   42(C )   51(N ):  1.340926
 #   48:   43(O )   87(Mg):  0.054243
 #   49:   44(C )   47(H ):  0.829233
 #   50:   44(C )   48(H ):  0.826030
 #   51:   44(C )   49(H ):  0.823145
 #   52:   50(H )   51(N ):  0.688129
 #   53:   51(N )   52(C ):  0.730411
 #   54:   52(C )   53(H ):  0.850521
 #   55:   52(C )   54(H ):  0.852079
 #   56:   52(C )   55(H ):  0.842148
 #   57:   56(C )   57(C ):  1.046004
 #   58:   56(C )   59(H ):  0.833198
 #   59:   56(C )   60(H ):  0.825395
 #   60:   56(C )   61(H ):  0.819352
 #   61:   57(C )   58(O ):  1.044714
 #   62:   57(C )   62(N ):  1.304139
 #   63:   58(O )   87(Mg):  0.059785
 #   64:   62(N )   63(C ):  0.670683
 #   65:   62(N )   70(H ):  0.688919
 #   66:   63(C )   64(C ):  1.029082
 #   67:   63(C )   66(C ):  0.851691
 #   68:   63(C )   71(H ):  0.840126
 #   69:   64(C )   65(O ):  1.067942
 #   70:   64(C )   82(N ):  1.333701
 #   71:   65(O )   87(Mg):  0.055421
 #   72:   66(C )   67(C ):  0.897459
 #   73:   66(C )   72(H ):  0.815014
 #   74:   66(C )   73(H ):  0.800428
 #   75:   67(C )   68(C ):  0.921875
 #   76:   67(C )   69(C ):  0.933121
 #   77:   67(C )   74(H ):  0.822115
 #   78:   68(C )   75(H ):  0.828970
 #   79:   68(C )   76(H ):  0.819832
 #   80:   68(C )   77(H ):  0.828158
 #   81:   69(C )   78(H ):  0.825971
 #   82:   69(C )   79(H ):  0.831734
 #   83:   69(C )   80(H ):  0.820395
 #   84:   81(H )   82(N ):  0.690022
 #   85:   82(N )   83(C ):  0.690469
 #   86:   83(C )   84(H ):  0.849101
 #   87:   83(C )   85(H ):  0.854657
 #   88:   83(C )   86(H ):  0.850691
 
 If outputting bond order matrix to bndmat.txt in current folder? (y/n)
 
            ================ Bond order analysis ===============
 -1 Define fragment 1 and 2 for options 1,3,4,7,8,10 (to be defined)
 0 Return
 1 Mayer bond order analysis
 2 Multicenter bond order analysis
 -2 Multicenter bond order analysis in NAO basis
 3 Wiberg bond order analysis in Lowdin orthogonalized basis
 4 Mulliken bond order (Mulliken overlap population) analysis
 5 Decompose Mulliken bond order between two atoms to orbital contributions
 6 Orbital occupancy-perturbed Mayer bond order
 7 Fuzzy bond order analysis (FBO)
 8 Laplacian bond order (LBO)
 9 Decompose Wiberg bond order in NAO basis as atomic orbital pair contribution
 10 Intrinsic bond strength index (IBSI)
 11 AV1245 index (approximate multicenter bond order for large rings) and AVmin
 20 Bond order density (BOD) and natural adaptive orbital (NAdO) analyses
 
 "q": Exit program gracefully          "r": Load a new file
                    ************ Main function menu ************
 0 Show molecular structure and view orbitals
 1 Output all properties at a point       2 Topology analysis
 3 Output and plot specific property in a line
 4 Output and plot specific property in a plane
 5 Output and plot specific property within a spatial region (calc. grid data)
 6 Check & modify wavefunction
 7 Population analysis and calculation of atomic charges
 8 Orbital composition analysis           9 Bond order analysis
 10 Plot total DOS, PDOS, OPDOS, local DOS, COHP and photoelectron spectrum
 11 Plot IR/Raman/UV-Vis/ECD/VCD/ROA/NMR spectrum
 12 Quantitative analysis of molecular surface
 13 Process grid data (No grid data is presented currently)
 14 Adaptive natural density partitioning (AdNDP) analysis
 15 Fuzzy atomic space analysis
 16 Charge decomposition analysis (CDA) and plot orbital interaction diagram
 17 Basin analysis                       18 Electron excitation analysis
 19 Orbital localization analysis        20 Visual study of weak interaction
 21 Energy decomposition analysis        22 Conceptual DFT (CDFT) analysis
 23 ETS-NOCV analysis                    24 (Hyper)polarizability analysis
 25 Electron delocalization and aromaticity analyses
 26 Structure and geometry related analyses
 100 Other functions (Part 1)            200 Other functions (Part 2)
 300 Other functions (Part 3)
