 Warning: "settings.ini" was found neither in current folder nor in the path defined by "Multiwfnpath" environment variable. Now using default settings instead
 
 Multiwfn -- A Multifunctional Wavefunction Analyzer
 Version 3.8(dev), update date: 2024-Oct-6
 Developer: Tian Lu (Beijing Kein Research Center for Natural Sciences)
 Multiwfn official website: http://sobereva.com/multiwfn
 Multiwfn English forum: http://sobereva.com/wfnbbs
 Multiwfn Chinese forum: http://bbs.keinsci.com/wfn
 Both following papers ***MUST BE CITED IN MAIN TEXT*** if Multiwfn is used:
          Tian Lu, Feiwu Chen, J. Comput. Chem., 33, 580-592 (2012)
          Tian Lu, J. Chem. Phys., 161, 082503 (2024)
 See "How to cite Multiwfn.pdf" in Multiwfn binary package for more information

 ( Number of parallel threads:   4  Current date: 2024-12-12  Time: 12:46:11 )
 
 Please wait...
 Note: Found $MOSPIN field, orbital spin types are directly loaded rather than automatically determined
 
 Total energy:       0.000000000000 Hartree,   Virial ratio:  2.00000000
 Total/Alpha/Beta electrons:     66.0000     33.0000     33.0000
 Net charge:     0.00000    Expected multiplicity:    1
 The number of orbitals:    33,  Atoms:     21,  GTFs:    309
 This is a restricted closed-shell single-determinant wavefunction
 Title line of this file:  Generated by Multiwfn

 Loaded /home/santiagovargas/dev/qtaim_generator/tests/test_files/multiwfn/999/input.wfn successfully!
 
 Formula: H12 C9      Total atoms:      21
 Molecule weight:       120.19191 Da
 Point group: C1 
 
 "q": Exit program gracefully          "r": Load a new file
                    ************ Main function menu ************
 0 Show molecular structure and view orbitals
 1 Output all properties at a point       2 Topology analysis
 3 Output and plot specific property in a line
 4 Output and plot specific property in a plane
 5 Output and plot specific property within a spatial region (calc. grid data)
 6 Check & modify wavefunction
 7 Population analysis and calculation of atomic charges
 8 Orbital composition analysis           9 Bond order analysis
 10 Plot total DOS, PDOS, OPDOS, local DOS, COHP and photoelectron spectrum
 11 Plot IR/Raman/UV-Vis/ECD/VCD/ROA/NMR spectrum
 12 Quantitative analysis of molecular surface
 13 Process grid data (No grid data is presented currently)
 14 Adaptive natural density partitioning (AdNDP) analysis
 15 Fuzzy atomic space analysis
 16 Charge decomposition analysis (CDA) and plot orbital interaction diagram
 17 Basin analysis                       18 Electron excitation analysis
 19 Orbital localization analysis        20 Visual study of weak interaction
 21 Energy decomposition analysis        22 Conceptual DFT (CDFT) analysis
 23 ETS-NOCV analysis                    24 (Hyper)polarizability analysis
 25 Electron delocalization and aromaticity analyses
 26 Structure and geometry related analyses
 100 Other functions (Part 1)            200 Other functions (Part 2)
 300 Other functions (Part 3)
 There is a nice reference comprehensively introducing atomic charges:
 Tian Lu, Qinxue Chen, Partial Charges, In Exploring Chemical Concepts Through T
 heory and Computation. WILEY-VCH GmbH: Weinheim (2024); pp. 161-187. DOI: 10.10
 02/9783527843435.ch6
 
      ============== Population analysis and atomic charges ==============
 -2 Calculate interaction energy between fragments based on atomic charges
 -1 Define fragment
 0 Return
 1 Hirshfeld atomic charge
 2 Voronoi deformation density (VDD) atom population
 10 Becke atomic charge with atomic dipole moment correction
 11 Atomic dipole corrected Hirshfeld atomic charge (ADCH) (recommended)
 12 CHELPG ESP fitting atomic charge
 13 Merz-Kollmann (MK) ESP fitting atomic charge
 14 AIM atomic charge
 15 Hirshfeld-I atomic charge
 16 CM5 atomic charge    -16 Generate 1.2*CM5 atomic charge
 17 Electronegativity Equalization Method (EEM) atomic charge
 18 Restrained ElectroStatic Potential (RESP) atomic charge
 19 Gasteiger (PEOE) charge
 20 Minimal Basis Iterative Stockholder (MBIS) charge
 
                      =============== MBIS ===============
 -4 Toggle if reducing cost by ignoring atoms far from grid, current: Yes
 -3 Enter frj implementation of MBIS code
 -2 Toggle if outputting population and width of shells, current: No
 -1 Toggle if outputting atomic charges during iterations, current: No
 0 Return
 1 Start calculation!
 2 Set the maximum number of iterations, current: 500
 3 Set convergence criterion of atomic charges, current:  0.000100
 Radial grids:  30  Angular grids:  302  Total:   9060  After pruning:   7248
 Calculating atomic contribution to electron density of present system on grid points...
 Progress: [--------------------------------------------------]     0.0 %     - Progress: [##------------------------------------------------]     4.8 %     \ Progress: [####----------------------------------------------]     9.5 %     | Progress: [#######-------------------------------------------]    14.3 %     / Progress: [#########-----------------------------------------]    19.0 %     - Progress: [###########---------------------------------------]    23.8 %     \ Progress: [##############------------------------------------]    28.6 %     | Progress: [################----------------------------------]    33.3 %     / Progress: [###################-------------------------------]    38.1 %     - Progress: [#####################-----------------------------]    42.9 %     \ Progress: [#######################---------------------------]    47.6 %     | Progress: [##########################------------------------]    52.4 %     / Progress: [############################----------------------]    57.1 %     - Progress: [##############################--------------------]    61.9 %     \ Progress: [#################################-----------------]    66.7 %     | Progress: [###################################---------------]    71.4 %     / Progress: [######################################------------]    76.2 %     - Progress: [########################################----------]    81.0 %     \ Progress: [##########################################--------]    85.7 %     | Progress: [#############################################-----]    90.5 %     / Progress: [###############################################---]    95.2 %     - Progress: [##################################################]   100.0 %     \ 
 
 Performing MBIS iterations to refine atomic spaces...
 Cycle    1
 Cycle    2   Maximum change:  0.06739102
 Cycle    3   Maximum change:  0.05944556
 Cycle    4   Maximum change:  0.04071354
 Cycle    5   Maximum change:  0.03802763
 Cycle    6   Maximum change:  0.03486412
 Cycle    7   Maximum change:  0.03011134
 Cycle    8   Maximum change:  0.02561600
 Cycle    9   Maximum change:  0.02179540
 Cycle   10   Maximum change:  0.01863616
 Cycle   11   Maximum change:  0.01602708
 Cycle   12   Maximum change:  0.01385613
 Cycle   13   Maximum change:  0.01203237
 Cycle   14   Maximum change:  0.01048621
 Cycle   15   Maximum change:  0.00916509
 Cycle   16   Maximum change:  0.00802893
 Cycle   17   Maximum change:  0.00704677
 Cycle   18   Maximum change:  0.00619421
 Cycle   19   Maximum change:  0.00545170
 Cycle   20   Maximum change:  0.00480334
 Cycle   21   Maximum change:  0.00423598
 Cycle   22   Maximum change:  0.00373864
 Cycle   23   Maximum change:  0.00330205
 Cycle   24   Maximum change:  0.00291833
 Cycle   25   Maximum change:  0.00258073
 Cycle   26   Maximum change:  0.00228343
 Cycle   27   Maximum change:  0.00202143
 Cycle   28   Maximum change:  0.00179036
 Cycle   29   Maximum change:  0.00158644
 Cycle   30   Maximum change:  0.00140638
 Cycle   31   Maximum change:  0.00124729
 Cycle   32   Maximum change:  0.00110667
 Cycle   33   Maximum change:  0.00098229
 Cycle   34   Maximum change:  0.00087224
 Cycle   35   Maximum change:  0.00077968
 Cycle   36   Maximum change:  0.00070050
 Cycle   37   Maximum change:  0.00062944
 Cycle   38   Maximum change:  0.00056566
 Cycle   39   Maximum change:  0.00050841
 Cycle   40   Maximum change:  0.00045701
 Cycle   41   Maximum change:  0.00041086
 Cycle   42   Maximum change:  0.00036942
 Cycle   43   Maximum change:  0.00033219
 Cycle   44   Maximum change:  0.00029875
 Cycle   45   Maximum change:  0.00026871
 Cycle   46   Maximum change:  0.00024172
 Cycle   47   Maximum change:  0.00021746
 Cycle   48   Maximum change:  0.00019565
 Cycle   49   Maximum change:  0.00017605
 Cycle   50   Maximum change:  0.00015843
 Cycle   51   Maximum change:  0.00014259
 Cycle   52   Maximum change:  0.00012834
 Cycle   53   Maximum change:  0.00011553
 Cycle   54   Maximum change:  0.00010401

 All atomic charges have converged to criterion of  0.000100
 Sum of all raw charges:    0.00005594
 
 Final atomic charges:
 Atom    1(C ):    -0.27281237
 Atom    2(C ):     0.03724820
 Atom    3(C ):    -0.20860153
 Atom    4(C ):    -0.09900410
 Atom    5(C ):    -0.07225440
 Atom    6(C ):    -0.12220045
 Atom    7(C ):    -0.24891149
 Atom    8(C ):    -0.12199233
 Atom    9(C ):    -0.07241207
 Atom   10(H ):     0.09605662
 Atom   11(H ):     0.09609832
 Atom   12(H ):     0.09060552
 Atom   13(H ):     0.08644053
 Atom   14(H ):     0.08664893
 Atom   15(H ):     0.09125755
 Atom   16(H ):     0.08732318
 Atom   17(H ):     0.10740098
 Atom   18(H ):     0.11911105
 Atom   19(H ):     0.12529078
 Atom   20(H ):     0.10738245
 Atom   21(H ):     0.08738056

 Calculation took up wall clock time         1 s

 If outputting atom coordinates with charges to input.chg in current folder? (y/n)
 
      ============== Population analysis and atomic charges ==============
 -2 Calculate interaction energy between fragments based on atomic charges
 -1 Define fragment
 0 Return
 1 Hirshfeld atomic charge
 2 Voronoi deformation density (VDD) atom population
 10 Becke atomic charge with atomic dipole moment correction
 11 Atomic dipole corrected Hirshfeld atomic charge (ADCH) (recommended)
 12 CHELPG ESP fitting atomic charge
 13 Merz-Kollmann (MK) ESP fitting atomic charge
 14 AIM atomic charge
 15 Hirshfeld-I atomic charge
 16 CM5 atomic charge    -16 Generate 1.2*CM5 atomic charge
 17 Electronegativity Equalization Method (EEM) atomic charge
 18 Restrained ElectroStatic Potential (RESP) atomic charge
 19 Gasteiger (PEOE) charge
 20 Minimal Basis Iterative Stockholder (MBIS) charge
 
 "q": Exit program gracefully          "r": Load a new file
                    ************ Main function menu ************
 0 Show molecular structure and view orbitals
 1 Output all properties at a point       2 Topology analysis
 3 Output and plot specific property in a line
 4 Output and plot specific property in a plane
 5 Output and plot specific property within a spatial region (calc. grid data)
 6 Check & modify wavefunction
 7 Population analysis and calculation of atomic charges
 8 Orbital composition analysis           9 Bond order analysis
 10 Plot total DOS, PDOS, OPDOS, local DOS, COHP and photoelectron spectrum
 11 Plot IR/Raman/UV-Vis/ECD/VCD/ROA/NMR spectrum
 12 Quantitative analysis of molecular surface
 13 Process grid data (No grid data is presented currently)
 14 Adaptive natural density partitioning (AdNDP) analysis
 15 Fuzzy atomic space analysis
 16 Charge decomposition analysis (CDA) and plot orbital interaction diagram
 17 Basin analysis                       18 Electron excitation analysis
 19 Orbital localization analysis        20 Visual study of weak interaction
 21 Energy decomposition analysis        22 Conceptual DFT (CDFT) analysis
 23 ETS-NOCV analysis                    24 (Hyper)polarizability analysis
 25 Electron delocalization and aromaticity analyses
 26 Structure and geometry related analyses
 100 Other functions (Part 1)            200 Other functions (Part 2)
 300 Other functions (Part 3)
